Component: Arm Compiler for Embedded 6.18 Tool: armlink [5e4cc100]

==============================================================================

Section Cross References

    startup_stm32f405xx.o(STACK) refers (Special) to heapauxi.o(.text) for __use_two_region_memory
    startup_stm32f405xx.o(HEAP) refers (Special) to heapauxi.o(.text) for __use_two_region_memory
    startup_stm32f405xx.o(RESET) refers (Special) to heapauxi.o(.text) for __use_two_region_memory
    startup_stm32f405xx.o(RESET) refers to startup_stm32f405xx.o(STACK) for __initial_sp
    startup_stm32f405xx.o(RESET) refers to startup_stm32f405xx.o(.text) for Reset_Handler
    startup_stm32f405xx.o(RESET) refers to stm32f4xx_it.o(.text.NMI_Handler) for NMI_Handler
    startup_stm32f405xx.o(RESET) refers to stm32f4xx_it.o(.text.HardFault_Handler) for HardFault_Handler
    startup_stm32f405xx.o(RESET) refers to stm32f4xx_it.o(.text.MemManage_Handler) for MemManage_Handler
    startup_stm32f405xx.o(RESET) refers to stm32f4xx_it.o(.text.BusFault_Handler) for BusFault_Handler
    startup_stm32f405xx.o(RESET) refers to stm32f4xx_it.o(.text.UsageFault_Handler) for UsageFault_Handler
    startup_stm32f405xx.o(RESET) refers to port.o(.text.SVC_Handler) for SVC_Handler
    startup_stm32f405xx.o(RESET) refers to stm32f4xx_it.o(.text.DebugMon_Handler) for DebugMon_Handler
    startup_stm32f405xx.o(RESET) refers to port.o(.text.PendSV_Handler) for PendSV_Handler
    startup_stm32f405xx.o(RESET) refers to cmsis_os2.o(.text.SysTick_Handler) for SysTick_Handler
    startup_stm32f405xx.o(RESET) refers to stm32f4xx_it.o(.text.CAN1_RX0_IRQHandler) for CAN1_RX0_IRQHandler
    startup_stm32f405xx.o(RESET) refers to stm32f4xx_it.o(.text.CAN1_RX1_IRQHandler) for CAN1_RX1_IRQHandler
    startup_stm32f405xx.o(RESET) refers to stm32f4xx_it.o(.text.TIM1_UP_TIM10_IRQHandler) for TIM1_UP_TIM10_IRQHandler
    startup_stm32f405xx.o(RESET) refers to stm32f4xx_it.o(.text.TIM2_IRQHandler) for TIM2_IRQHandler
    startup_stm32f405xx.o(RESET) refers to stm32f4xx_it.o(.text.TIM3_IRQHandler) for TIM3_IRQHandler
    startup_stm32f405xx.o(RESET) refers to stm32f4xx_it.o(.text.USART1_IRQHandler) for USART1_IRQHandler
    startup_stm32f405xx.o(RESET) refers to stm32f4xx_it.o(.text.EXTI15_10_IRQHandler) for EXTI15_10_IRQHandler
    startup_stm32f405xx.o(.text) refers (Special) to heapauxi.o(.text) for __use_two_region_memory
    startup_stm32f405xx.o(.text) refers to system_stm32f4xx.o(.text.SystemInit) for SystemInit
    startup_stm32f405xx.o(.text) refers to __main.o(!!!main) for __main
    startup_stm32f405xx.o(.text) refers to startup_stm32f405xx.o(HEAP) for Heap_Mem
    startup_stm32f405xx.o(.text) refers to startup_stm32f405xx.o(STACK) for Stack_Mem
    main.o(.text.main) refers to stm32f4xx_hal.o(.text.HAL_Init) for HAL_Init
    main.o(.text.main) refers to main.o(.text.SystemClock_Config) for SystemClock_Config
    main.o(.text.main) refers to gpio.o(.text.MX_GPIO_Init) for MX_GPIO_Init
    main.o(.text.main) refers to can.o(.text.MX_CAN1_Init) for MX_CAN1_Init
    main.o(.text.main) refers to tim.o(.text.MX_TIM2_Init) for MX_TIM2_Init
    main.o(.text.main) refers to usart.o(.text.MX_USART1_UART_Init) for MX_USART1_UART_Init
    main.o(.text.main) refers to tim.o(.text.MX_TIM3_Init) for MX_TIM3_Init
    main.o(.text.main) refers to tim.o(.bss.htim3) for htim3
    main.o(.text.main) refers to stm32f4xx_hal_tim.o(.text.HAL_TIM_PWM_Start) for HAL_TIM_PWM_Start
    main.o(.text.main) refers to tim.o(.bss.htim2) for htim2
    main.o(.text.main) refers to stm32f4xx_hal_tim.o(.text.HAL_TIM_Base_Start_IT) for HAL_TIM_Base_Start_IT
    main.o(.text.main) refers to uart_irqhandler.o(.text.UART_Start_Receive) for UART_Start_Receive
    main.o(.text.main) refers to cmsis_os2.o(.text.osKernelInitialize) for osKernelInitialize
    main.o(.text.main) refers to freertos.o(.text.MX_FREERTOS_Init) for MX_FREERTOS_Init
    main.o(.text.main) refers to cmsis_os2.o(.text.osKernelStart) for osKernelStart
    main.o(.ARM.exidx.text.main) refers to main.o(.text.main) for [Anonymous Symbol]
    main.o(.text.SystemClock_Config) refers to rt_memclr_w.o(.text) for __aeabi_memclr4
    main.o(.text.SystemClock_Config) refers to stm32f4xx_hal_rcc.o(.text.HAL_RCC_OscConfig) for HAL_RCC_OscConfig
    main.o(.text.SystemClock_Config) refers to stm32f4xx_hal_rcc.o(.text.HAL_RCC_ClockConfig) for HAL_RCC_ClockConfig
    main.o(.ARM.exidx.text.SystemClock_Config) refers to main.o(.text.SystemClock_Config) for [Anonymous Symbol]
    main.o(.ARM.exidx.text.Error_Handler) refers to main.o(.text.Error_Handler) for [Anonymous Symbol]
    main.o(.text.HAL_TIM_PeriodElapsedCallback) refers to stm32f4xx_hal.o(.text.HAL_IncTick) for HAL_IncTick
    main.o(.text.HAL_TIM_PeriodElapsedCallback) refers to tim_irqhandler.o(.text.TIM_PeriodElapsedCallback) for TIM_PeriodElapsedCallback
    main.o(.ARM.exidx.text.HAL_TIM_PeriodElapsedCallback) refers to main.o(.text.HAL_TIM_PeriodElapsedCallback) for [Anonymous Symbol]
[...]
    tim_count                                0x200007a2   Data           2  tim_irqhandler.o(.bss.tim_count)
    [Anonymous Symbol]                       0x200007a2   Section        0  tim_irqhandler.o(.bss.tim_count)
    ucHeap                                   0x200007a4   Data       15360  heap_4.o(.bss.ucHeap)
    [Anonymous Symbol]                       0x200007a4   Section        0  heap_4.o(.bss.ucHeap)
    ucMaxSysCallPriority                     0x200043a4   Data           1  port.o(.bss.ucMaxSysCallPriority)
    [Anonymous Symbol]                       0x200043a4   Section        0  port.o(.bss.ucMaxSysCallPriority)
    ulMaxPRIGROUPValue                       0x200043a8   Data           4  port.o(.bss.ulMaxPRIGROUPValue)
    [Anonymous Symbol]                       0x200043a8   Section        0  port.o(.bss.ulMaxPRIGROUPValue)
    uxCurrentNumberOfTasks                   0x200043b0   Data           4  tasks.o(.bss.uxCurrentNumberOfTasks)
    [Anonymous Symbol]                       0x200043b0   Section        0  tasks.o(.bss.uxCurrentNumberOfTasks)
    uxDeletedTasksWaitingCleanUp             0x200043b4   Data           4  tasks.o(.bss.uxDeletedTasksWaitingCleanUp)
    [Anonymous Symbol]                       0x200043b4   Section        0  tasks.o(.bss.uxDeletedTasksWaitingCleanUp)
    uxSchedulerSuspended                     0x200043b8   Data           4  tasks.o(.bss.uxSchedulerSuspended)
    [Anonymous Symbol]                       0x200043b8   Section        0  tasks.o(.bss.uxSchedulerSuspended)
    uxTaskNumber                             0x200043bc   Data           4  tasks.o(.bss.uxTaskNumber)
    [Anonymous Symbol]                       0x200043bc   Section        0  tasks.o(.bss.uxTaskNumber)
    uxTopReadyPriority                       0x200043c0   Data           4  tasks.o(.bss.uxTopReadyPriority)
    [Anonymous Symbol]                       0x200043c0   Section        0  tasks.o(.bss.uxTopReadyPriority)
    vApplicationGetIdleTaskMemory.Idle_Stack 0x200043c4   Data         512  cmsis_os2.o(.bss.vApplicationGetIdleTaskMemory.Idle_Stack)
    [Anonymous Symbol]                       0x200043c4   Section        0  cmsis_os2.o(.bss.vApplicationGetIdleTaskMemory.Idle_Stack)
    vApplicationGetIdleTaskMemory.Idle_TCB   0x200045c4   Data          92  cmsis_os2.o(.bss.vApplicationGetIdleTaskMemory.Idle_TCB)
    [Anonymous Symbol]                       0x200045c4   Section        0  cmsis_os2.o(.bss.vApplicationGetIdleTaskMemory.Idle_TCB)
    vApplicationGetTimerTaskMemory.Timer_Stack 0x20004620   Data        1024  cmsis_os2.o(.bss.vApplicationGetTimerTaskMemory.Timer_Stack)
    [Anonymous Symbol]                       0x20004620   Section        0  cmsis_os2.o(.bss.vApplicationGetTimerTaskMemory.Timer_Stack)
    vApplicationGetTimerTaskMemory.Timer_TCB 0x20004a20   Data          92  cmsis_os2.o(.bss.vApplicationGetTimerTaskMemory.Timer_TCB)
    [Anonymous Symbol]                       0x20004a20   Section        0  cmsis_os2.o(.bss.vApplicationGetTimerTaskMemory.Timer_TCB)
    xActiveTimerList1                        0x20004a80   Data          20  timers.o(.bss.xActiveTimerList1)
    [Anonymous Symbol]                       0x20004a80   Section        0  timers.o(.bss.xActiveTimerList1)
    xActiveTimerList2                        0x20004a94   Data          20  timers.o(.bss.xActiveTimerList2)
    [Anonymous Symbol]                       0x20004a94   Section        0  timers.o(.bss.xActiveTimerList2)
    xBlockAllocatedBit                       0x20004aa8   Data           1  heap_4.o(.bss.xBlockAllocatedBit)
    [Anonymous Symbol]                       0x20004aa8   Section        0  heap_4.o(.bss.xBlockAllocatedBit)
    xDelayedTaskList1                        0x20004aac   Data          20  tasks.o(.bss.xDelayedTaskList1)
    [Anonymous Symbol]                       0x20004aac   Section        0  tasks.o(.bss.xDelayedTaskList1)
    xDelayedTaskList2                        0x20004ac0   Data          20  tasks.o(.bss.xDelayedTaskList2)
    [Anonymous Symbol]                       0x20004ac0   Section        0  tasks.o(.bss.xDelayedTaskList2)
    xFreeBytesRemaining                      0x20004ad4   Data           4  heap_4.o(.bss.xFreeBytesRemaining)
    [Anonymous Symbol]                       0x20004ad4   Section        0  heap_4.o(.bss.xFreeBytesRemaining)
    xIdleTaskHandle                          0x20004ad8   Data           4  tasks.o(.bss.xIdleTaskHandle)
    [Anonymous Symbol]                       0x20004ad8   Section        0  tasks.o(.bss.xIdleTaskHandle)
    xMinimumEverFreeBytesRemaining           0x20004adc   Data           4  heap_4.o(.bss.xMinimumEverFreeBytesRemaining)
    [Anonymous Symbol]                       0x20004adc   Section        0  heap_4.o(.bss.xMinimumEverFreeBytesRemaining)
    xNextTaskUnblockTime                     0x20004ae0   Data           4  tasks.o(.bss.xNextTaskUnblockTime)
    [Anonymous Symbol]                       0x20004ae0   Section        0  tasks.o(.bss.xNextTaskUnblockTime)
    xNumOfOverflows                          0x20004ae4   Data           4  tasks.o(.bss.xNumOfOverflows)
    [Anonymous Symbol]                       0x20004ae4   Section        0  tasks.o(.bss.xNumOfOverflows)
    xNumberOfSuccessfulAllocations           0x20004ae8   Data           4  heap_4.o(.bss.xNumberOfSuccessfulAllocations)
    [Anonymous Symbol]                       0x20004ae8   Section        0  heap_4.o(.bss.xNumberOfSuccessfulAllocations)
    xNumberOfSuccessfulFrees                 0x20004aec   Data           4  heap_4.o(.bss.xNumberOfSuccessfulFrees)
    [Anonymous Symbol]                       0x20004aec   Section        0  heap_4.o(.bss.xNumberOfSuccessfulFrees)
    xPendedTicks                             0x20004af0   Data           4  tasks.o(.bss.xPendedTicks)
    [Anonymous Symbol]                       0x20004af0   Section        0  tasks.o(.bss.xPendedTicks)
    xPendingReadyList                        0x20004af4   Data          20  tasks.o(.bss.xPendingReadyList)
    [Anonymous Symbol]                       0x20004af4   Section        0  tasks.o(.bss.xPendingReadyList)
    xSchedulerRunning                        0x20004b48   Data           4  tasks.o(.bss.xSchedulerRunning)
    [Anonymous Symbol]                       0x20004b48   Section        0  tasks.o(.bss.xSchedulerRunning)
    xStart                                   0x20004b4c   Data           8  heap_4.o(.bss.xStart)
    [Anonymous Symbol]                       0x20004b4c   Section        0  heap_4.o(.bss.xStart)
    xSuspendedTaskList                       0x20004b54   Data          20  tasks.o(.bss.xSuspendedTaskList)
    [Anonymous Symbol]                       0x20004b54   Section        0  tasks.o(.bss.xSuspendedTaskList)
    xTasksWaitingTermination                 0x20004b68   Data          20  tasks.o(.bss.xTasksWaitingTermination)
    [Anonymous Symbol]                       0x20004b68   Section        0  tasks.o(.bss.xTasksWaitingTermination)
    xTickCount                               0x20004b7c   Data           4  tasks.o(.bss.xTickCount)
    [Anonymous Symbol]                       0x20004b7c   Section        0  tasks.o(.bss.xTickCount)
    xTimerQueue                              0x20004b80   Data           4  timers.o(.bss.xTimerQueue)
    [Anonymous Symbol]                       0x20004b80   Section        0  timers.o(.bss.xTimerQueue)
    xTimerTaskHandle                         0x20004b84   Data           4  timers.o(.bss.xTimerTaskHandle)
    [Anonymous Symbol]                       0x20004b84   Section        0  timers.o(.bss.xTimerTaskHandle)
    xYieldPending                            0x20004b88   Data           4  tasks.o(.bss.xYieldPending)
    [Anonymous Symbol]                       0x20004b88   Section        0  tasks.o(.bss.xYieldPending)
    Heap_Mem                                 0x20004b90   Data        2048  startup_stm32f405xx.o(HEAP)
    HEAP                                     0x20004b90   Section     2048  startup_stm32f405xx.o(HEAP)
    Stack_Mem                                0x20005390   Data        1024  startup_stm32f405xx.o(STACK)
    STACK                                    0x20005390   Section     1024  startup_stm32f405xx.o(STACK)
    __initial_sp                             0x20005790   Data           0  startup_stm32f405xx.o(STACK)

    Global Symbols

    Symbol Name                              Value     Ov Type        Size  Object(Section)

    BuildAttributes$$THM_ISAv4$E$P$D$K$B$S$7EM$VFPi3$EXTD16$VFPS$VFMA$PE$A:L22UL41UL21$X:L11$S22US41US21$IEEE1$IW$~IW$USESV6$~STKCKD$USESV7$~SHL$OTIME$ROPI$EBA8$UX$STANDARDLIB$REQ8$PRES8$EABIv2 0x00000000   Number         0  anon$$obj.o ABSOLUTE
    __ARM_exceptions_init                     - Undefined Weak Reference
    __alloca_initialize                       - Undefined Weak Reference
    __arm_preinit_                            - Undefined Weak Reference
    __arm_relocate_pie_                       - Undefined Weak Reference
    __cpp_initialize__aeabi_                  - Undefined Weak Reference
    __cxa_finalize                            - Undefined Weak Reference
    __rt_locale                               - Undefined Weak Reference
    __sigvec_lookup                           - Undefined Weak Reference
    _atexit_init                              - Undefined Weak Reference
    _call_atexit_fns                          - Undefined Weak Reference
    _clock_init                               - Undefined Weak Reference
    _fp_trap_init                             - Undefined Weak Reference
    _fp_trap_shutdown                         - Undefined Weak Reference
    _get_lc_collate                           - Undefined Weak Reference
    _get_lc_ctype                             - Undefined Weak Reference
    _get_lc_monetary                          - Undefined Weak Reference
    _get_lc_numeric                           - Undefined Weak Reference
    _get_lc_time                              - Undefined Weak Reference
    _getenv_init                              - Undefined Weak Reference
    _handle_redirection                       - Undefined Weak Reference
    _init_alloc                               - Undefined Weak Reference
    _init_user_alloc                          - Undefined Weak Reference
    _initio                                   - Undefined Weak Reference
    _rand_init                                - Undefined Weak Reference
    _signal_finish                            - Undefined Weak Reference
    _signal_init                              - Undefined Weak Reference
    _terminate_alloc                          - Undefined Weak Reference
    _terminate_user_alloc                     - Undefined Weak Reference
    _terminateio                              - Undefined Weak Reference
    __Vectors_Size                           0x00000188   Number         0  startup_stm32f405xx.o ABSOLUTE
    __Vectors                                0x08000000   Data           4  startup_stm32f405xx.o(RESET)
    __Vectors_End                            0x08000188   Data           0  startup_stm32f405xx.o(RESET)
    __main                                   0x08000189   Thumb Code     8  __main.o(!!!main)
    __scatterload                            0x08000191   Thumb Code     0  __scatter.o(!!!scatter)
    __scatterload_rt2                        0x08000191   Thumb Code    44  __scatter.o(!!!scatter)
    __scatterload_rt2_thumb_only             0x08000191   Thumb Code     0  __scatter.o(!!!scatter)
    __scatterload_null                       0x0800019f   Thumb Code     0  __scatter.o(!!!scatter)
    __scatterload_copy                       0x080001c5   Thumb Code    26  __scatter_copy.o(!!handler_copy)
    __scatterload_zeroinit                   0x080001e1   Thumb Code    28  __scatter_zi.o(!!handler_zi)
    __rt_lib_init                            0x080001fd   Thumb Code     0  libinit.o(.ARM.Collect$$libinit$$00000000)
    __rt_lib_init_fp_1                       0x080001ff   Thumb Code     0  libinit2.o(.ARM.Collect$$libinit$$00000001)
    __rt_lib_init_alloca_1                   0x08000203   Thumb Code     0  libinit2.o(.ARM.Collect$$libinit$$00000030)
    __rt_lib_init_argv_1                     0x08000203   Thumb Code     0  libinit2.o(.ARM.Collect$$libinit$$0000002E)
    __rt_lib_init_atexit_1                   0x08000203   Thumb Code     0  libinit2.o(.ARM.Collect$$libinit$$0000001D)
    __rt_lib_init_clock_1                    0x08000203   Thumb Code     0  libinit2.o(.ARM.Collect$$libinit$$00000023)
    __rt_lib_init_cpp_1                      0x08000203   Thumb Code     0  libinit2.o(.ARM.Collect$$libinit$$00000034)
    __rt_lib_init_exceptions_1               0x08000203   Thumb Code     0  libinit2.o(.ARM.Collect$$libinit$$00000032)
    __rt_lib_init_fp_trap_1                  0x08000203   Thumb Code     0  libinit2.o(.ARM.Collect$$libinit$$00000021)
    __rt_lib_init_getenv_1                   0x08000203   Thumb Code     0  libinit2.o(.ARM.Collect$$libinit$$00000025)
    __rt_lib_init_heap_1                     0x08000203   Thumb Code     0  libinit2.o(.ARM.Collect$$libinit$$0000000C)
    __rt_lib_init_lc_collate_1               0x08000203   Thumb Code     0  libinit2.o(.ARM.Collect$$libinit$$00000013)
    __rt_lib_init_lc_ctype_1                 0x08000203   Thumb Code     0  libinit2.o(.ARM.Collect$$libinit$$00000015)
    __rt_lib_init_lc_monetary_1              0x08000203   Thumb Code     0  libinit2.o(.ARM.Collect$$libinit$$00000017)
    __rt_lib_init_lc_numeric_1               0x08000203   Thumb Code     0  libinit2.o(.ARM.Collect$$libinit$$00000019)
    __rt_lib_init_lc_time_1                  0x08000203   Thumb Code     0  libinit2.o(.ARM.Collect$$libinit$$0000001B)
    __rt_lib_init_preinit_1                  0x08000203   Thumb Code     0  libinit2.o(.ARM.Collect$$libinit$$00000006)
    __rt_lib_init_rand_1                     0x08000203   Thumb Code     0  libinit2.o(.ARM.Collect$$libinit$$00000010)
    __rt_lib_init_relocate_pie_1             0x08000203   Thumb Code     0  libinit2.o(.ARM.Collect$$libinit$$00000004)
    __rt_lib_init_return                     0x08000203   Thumb Code     0  libinit2.o(.ARM.Collect$$libinit$$00000035)
    __rt_lib_init_signal_1                   0x08000203   Thumb Code     0  libinit2.o(.ARM.Collect$$libinit$$0000001F)
    __rt_lib_init_stdio_1                    0x08000203   Thumb Code     0  libinit2.o(.ARM.Collect$$libinit$$00000027)
    __rt_lib_init_user_alloc_1               0x08000203   Thumb Code     0  libinit2.o(.ARM.Collect$$libinit$$0000000E)
    __rt_lib_shutdown                        0x08000205   Thumb Code     0  libshutdown.o(.ARM.Collect$$libshutdown$$00000000)
    __rt_lib_shutdown_cpp_1                  0x08000207   Thumb Code     0  libshutdown2.o(.ARM.Collect$$libshutdown$$00000002)
    __rt_lib_shutdown_fp_trap_1              0x08000207   Thumb Code     0  libshutdown2.o(.ARM.Collect$$libshutdown$$00000007)
    __rt_lib_shutdown_heap_1                 0x08000207   Thumb Code     0  libshutdown2.o(.ARM.Collect$$libshutdown$$0000000F)
    __rt_lib_shutdown_return                 0x08000207   Thumb Code     0  libshutdown2.o(.ARM.Collect$$libshutdown$$00000010)
    __rt_lib_shutdown_signal_1               0x08000207   Thumb Code     0  libshutdown2.o(.ARM.Collect$$libshutdown$$0000000A)
    __rt_lib_shutdown_stdio_1                0x08000207   Thumb Code     0  libshutdown2.o(.ARM.Collect$$libshutdown$$00000004)
    __rt_lib_shutdown_user_alloc_1           0x08000207   Thumb Code     0  libshutdown2.o(.ARM.Collect$$libshutdown$$0000000C)
    __rt_entry                               0x08000209   Thumb Code     0  __rtentry.o(.ARM.Collect$$rtentry$$00000000)
    __rt_entry_presh_1                       0x08000209   Thumb Code     0  __rtentry2.o(.ARM.Collect$$rtentry$$00000002)
    __rt_entry_sh                            0x08000209   Thumb Code     0  __rtentry4.o(.ARM.Collect$$rtentry$$00000004)
    __rt_entry_li                            0x0800020f   Thumb Code     0  __rtentry2.o(.ARM.Collect$$rtentry$$0000000A)
    __rt_entry_postsh_1                      0x0800020f   Thumb Code     0  __rtentry2.o(.ARM.Collect$$rtentry$$00000009)
    __rt_entry_main                          0x08000213   Thumb Code     0  __rtentry2.o(.ARM.Collect$$rtentry$$0000000D)
    __rt_entry_postli_1                      0x08000213   Thumb Code     0  __rtentry2.o(.ARM.Collect$$rtentry$$0000000C)
    __rt_exit                                0x0800021b   Thumb Code     0  rtexit.o(.ARM.Collect$$rtexit$$00000000)
    __rt_exit_ls                             0x0800021d   Thumb Code     0  rtexit2.o(.ARM.Collect$$rtexit$$00000003)
    __rt_exit_prels_1                        0x0800021d   Thumb Code     0  rtexit2.o(.ARM.Collect$$rtexit$$00000002)
    __rt_exit_exit                           0x08000221   Thumb Code     0  rtexit2.o(.ARM.Collect$$rtexit$$00000004)
    Reset_Handler                            0x08000229   Thumb Code     8  startup_stm32f405xx.o(.text)
    ADC_IRQHandler                           0x08000243   Thumb Code     0  startup_stm32f405xx.o(.text)
    CAN1_SCE_IRQHandler                      0x08000243   Thumb Code     0  startup_stm32f405xx.o(.text)
    CAN1_TX_IRQHandler                       0x08000243   Thumb Code     0  startup_stm32f405xx.o(.text)
    CAN2_RX0_IRQHandler                      0x08000243   Thumb Code     0  startup_stm32f405xx.o(.text)
    CAN2_RX1_IRQHandler                      0x08000243   Thumb Code     0  startup_stm32f405xx.o(.text)
    CAN2_SCE_IRQHandler                      0x08000243   Thumb Code     0  startup_stm32f405xx.o(.text)
    CAN2_TX_IRQHandler                       0x08000243   Thumb Code     0  startup_stm32f405xx.o(.text)
    DMA1_Stream0_IRQHandler                  0x08000243   Thumb Code     0  startup_stm32f405xx.o(.text)
    DMA1_Stream1_IRQHandler                  0x08000243   Thumb Code     0  startup_stm32f405xx.o(.text)
    DMA1_Stream2_IRQHandler                  0x08000243   Thumb Code     0  startup_stm32f405xx.o(.text)
    DMA1_Stream3_IRQHandler                  0x08000243   Thumb Code     0  startup_stm32f405xx.o(.text)
    DMA1_Stream4_IRQHandler                  0x08000243   Thumb Code     0  startup_stm32f405xx.o(.text)
    DMA1_Stream5_IRQHandler                  0x08000243   Thumb Code     0  startup_stm32f405xx.o(.text)
    DMA1_Stream6_IRQHandler                  0x08000243   Thumb Code     0  startup_stm32f405xx.o(.text)
    DMA1_Stream7_IRQHandler                  0x08000243   Thumb Code     0  startup_stm32f405xx.o(.text)
    DMA2_Stream0_IRQHandler                  0x08000243   Thumb Code     0  startup_stm32f405xx.o(.text)
    DMA2_Stream1_IRQHandler                  0x08000243   Thumb Code     0  startup_stm32f405xx.o(.text)
    DMA2_Stream2_IRQHandler                  0x08000243   Thumb Code     0  startup_stm32f405xx.o(.text)
    DMA2_Stream3_IRQHandler                  0x08000243   Thumb Code     0  startup_stm32f405xx.o(.text)
    DMA2_Stream4_IRQHandler                  0x08000243   Thumb Code     0  startup_stm32f405xx.o(.text)
    DMA2_Stream5_IRQHandler                  0x08000243   Thumb Code     0  startup_stm32f405xx.o(.text)
    DMA2_Stream6_IRQHandler                  0x08000243   Thumb Code     0  startup_stm32f405xx.o(.text)
    DMA2_Stream7_IRQHandler                  0x08000243   Thumb Code     0  startup_stm32f405xx.o(.text)
    EXTI0_IRQHandler                         0x08000243   Thumb Code     0  startup_stm32f405xx.o(.text)
    EXTI1_IRQHandler                         0x08000243   Thumb Code     0  startup_stm32f405xx.o(.text)
    EXTI2_IRQHandler                         0x08000243   Thumb Code     0  startup_stm32f405xx.o(.text)
    EXTI3_IRQHandler                         0x08000243   Thumb Code     0  startup_stm32f405xx.o(.text)
    EXTI4_IRQHandler                         0x08000243   Thumb Code     0  startup_stm32f405xx.o(.text)
    EXTI9_5_IRQHandler                       0x08000243   Thumb Code     0  startup_stm32f405xx.o(.text)
    FLASH_IRQHandler                         0x08000243   Thumb Code     0  startup_stm32f405xx.o(.text)
    FMC_IRQHandler                           0x08000243   Thumb Code     0  startup_stm32f405xx.o(.text)
    FPU_IRQHandler                           0x08000243   Thumb Code     0  startup_stm32f405xx.o(.text)
    HASH_RNG_IRQHandler                      0x08000243   Thumb Code     0  startup_stm32f405xx.o(.text)
    I2C1_ER_IRQHandler                       0x08000243   Thumb Code     0  startup_stm32f405xx.o(.text)
    I2C1_EV_IRQHandler                       0x08000243   Thumb Code     0  startup_stm32f405xx.o(.text)
    I2C2_ER_IRQHandler                       0x08000243   Thumb Code     0  startup_stm32f405xx.o(.text)
    I2C2_EV_IRQHandler                       0x08000243   Thumb Code     0  startup_stm32f405xx.o(.text)
    I2C3_ER_IRQHandler                       0x08000243   Thumb Code     0  startup_stm32f405xx.o(.text)
    I2C3_EV_IRQHandler                       0x08000243   Thumb Code     0  startup_stm32f405xx.o(.text)
    OTG_FS_IRQHandler                        0x08000243   Thumb Code     0  startup_stm32f405xx.o(.text)
    OTG_FS_WKUP_IRQHandler                   0x08000243   Thumb Code     0  startup_stm32f405xx.o(.text)
    OTG_HS_EP1_IN_IRQHandler                 0x08000243   Thumb Code     0  startup_stm32f405xx.o(.text)
    OTG_HS_EP1_OUT_IRQHandler                0x08000243   Thumb Code     0  startup_stm32f405xx.o(.text)
    OTG_HS_IRQHandler                        0x08000243   Thumb Code     0  startup_stm32f405xx.o(.text)
    OTG_HS_WKUP_IRQHandler                   0x08000243   Thumb Code     0  startup_stm32f405xx.o(.text)
    PVD_IRQHandler                           0x08000243   Thumb Code     0  startup_stm32f405xx.o(.text)
    RCC_IRQHandler                           0x08000243   Thumb Code     0  startup_stm32f405xx.o(.text)
    RTC_Alarm_IRQHandler                     0x08000243   Thumb Code     0  startup_stm32f405xx.o(.text)
    RTC_WKUP_IRQHandler                      0x08000243   Thumb Code     0  startup_stm32f405xx.o(.text)
    SDIO_IRQHandler                          0x08000243   Thumb Code     0  startup_stm32f405xx.o(.text)
    SPI1_IRQHandler                          0x08000243   Thumb Code     0  startup_stm32f405xx.o(.text)
    SPI2_IRQHandler                          0x08000243   Thumb Code     0  startup_stm32f405xx.o(.text)
    SPI3_IRQHandler                          0x08000243   Thumb Code     0  startup_stm32f405xx.o(.text)
    TAMP_STAMP_IRQHandler                    0x08000243   Thumb Code     0  startup_stm32f405xx.o(.text)
    TIM1_BRK_TIM9_IRQHandler                 0x08000243   Thumb Code     0  startup_stm32f405xx.o(.text)
    TIM1_CC_IRQHandler                       0x08000243   Thumb Code     0  startup_stm32f405xx.o(.text)
    TIM1_TRG_COM_TIM11_IRQHandler            0x08000243   Thumb Code     0  startup_stm32f405xx.o(.text)
    TIM4_IRQHandler                          0x08000243   Thumb Code     0  startup_stm32f405xx.o(.text)
    TIM5_IRQHandler                          0x08000243   Thumb Code     0  startup_stm32f405xx.o(.text)
    TIM6_DAC_IRQHandler                      0x08000243   Thumb Code     0  startup_stm32f405xx.o(.text)
    TIM7_IRQHandler                          0x08000243   Thumb Code     0  startup_stm32f405xx.o(.text)
    TIM8_BRK_TIM12_IRQHandler                0x08000243   Thumb Code     0  startup_stm32f405xx.o(.text)
    TIM8_CC_IRQHandler                       0x08000243   Thumb Code     0  startup_stm32f405xx.o(.text)
    TIM8_TRG_COM_TIM14_IRQHandler            0x08000243   Thumb Code     0  startup_stm32f405xx.o(.text)
    TIM8_UP_TIM13_IRQHandler                 0x08000243   Thumb Code     0  startup_stm32f405xx.o(.text)
    UART4_IRQHandler                         0x08000243   Thumb Code     0  startup_stm32f405xx.o(.text)
    UART5_IRQHandler                         0x08000243   Thumb Code     0  startup_stm32f405xx.o(.text)
    USART2_IRQHandler                        0x08000243   Thumb Code     0  startup_stm32f405xx.o(.text)
    USART3_IRQHandler                        0x08000243   Thumb Code     0  startup_stm32f405xx.o(.text)
    USART6_IRQHandler                        0x08000243   Thumb Code     0  startup_stm32f405xx.o(.text)
    WWDG_IRQHandler                          0x08000243   Thumb Code     0  startup_stm32f405xx.o(.text)
    __user_initial_stackheap                 0x08000245   Thumb Code     0  startup_stm32f405xx.o(.text)
    __aeabi_uldivmod                         0x08000269   Thumb Code     0  lludivv7m.o(.text)
    _ll_udiv                                 0x08000269   Thumb Code   240  lludivv7m.o(.text)
    __aeabi_memcpy                           0x08000359   Thumb Code     0  rt_memcpy_v6.o(.text)
    __rt_memcpy                              0x08000359   Thumb Code   138  rt_memcpy_v6.o(.text)
    _memcpy_lastbytes                        0x080003bf   Thumb Code     0  rt_memcpy_v6.o(.text)
    __aeabi_memset4                          0x080003e3   Thumb Code    16  aeabi_memset4.o(.text)
    __aeabi_memset8                          0x080003e3   Thumb Code     0  aeabi_memset4.o(.text)
    __aeabi_memclr4                          0x080003f3   Thumb Code     0  rt_memclr_w.o(.text)
    __aeabi_memclr8                          0x080003f3   Thumb Code     0  rt_memclr_w.o(.text)
    __rt_memclr_w                            0x080003f3   Thumb Code     0  rt_memclr_w.o(.text)
    _memset_w                                0x080003f7   Thumb Code    74  rt_memclr_w.o(.text)
    __use_two_region_memory                  0x08000441   Thumb Code     2  heapauxi.o(.text)
    __rt_heap_escrow$2region                 0x08000443   Thumb Code     2  heapauxi.o(.text)
    __rt_heap_expand$2region                 0x08000445   Thumb Code     2  heapauxi.o(.text)
    __aeabi_memcpy4                          0x08000447   Thumb Code     0  rt_memcpy_w.o(.text)
    __aeabi_memcpy8                          0x08000447   Thumb Code     0  rt_memcpy_w.o(.text)
    __rt_memcpy_w                            0x08000447   Thumb Code   100  rt_memcpy_w.o(.text)
    _memcpy_lastbytes_aligned                0x0800048f   Thumb Code     0  rt_memcpy_w.o(.text)
    __user_setup_stackheap                   0x080004ab   Thumb Code    74  sys_stackheap_outer.o(.text)
    exit                                     0x080004f5   Thumb Code    18  exit.o(.text)
    __user_libspace                          0x08000509   Thumb Code     8  libspace.o(.text)
    __user_perproc_libspace                  0x08000509   Thumb Code     0  libspace.o(.text)
    __user_perthread_libspace                0x08000509   Thumb Code     0  libspace.o(.text)
    _sys_exit                                0x08000511   Thumb Code     8  sys_exit.o(.text)
    __I$use$semihosting                      0x0800051d   Thumb Code     0  use_no_semi.o(.text)
    __use_no_semihosting_swi                 0x0800051d   Thumb Code     2  use_no_semi.o(.text)
    __semihosting_library_function           0x0800051f   Thumb Code     0  indicate_semi.o(.text)
    BusFault_Handler                         0x08000521   Thumb Code     2  stm32f4xx_it.o(.text.BusFault_Handler)
    CAN1_RX0_IRQHandler                      0x08000525   Thumb Code    16  stm32f4xx_it.o(.text.CAN1_RX0_IRQHandler)
    CAN1_RX1_IRQHandler                      0x08000535   Thumb Code    16  stm32f4xx_it.o(.text.CAN1_RX1_IRQHandler)
    CAN_Send_Message                         0x08000545   Thumb Code    52  can_irqhandler.o(.text.CAN_Send_Message)
    DebugMon_Handler                         0x08000579   Thumb Code     2  stm32f4xx_it.o(.text.DebugMon_Handler)
    EXTI15_10_IRQHandler                     0x0800057d   Thumb Code    12  stm32f4xx_it.o(.text.EXTI15_10_IRQHandler)
    Error_Handler                            0x08000589   Thumb Code     6  main.o(.text.Error_Handler)
    HAL_CAN_ActivateNotification             0x08000591   Thumb Code    38  stm32f4xx_hal_can.o(.text.HAL_CAN_ActivateNotification)
    HAL_CAN_AddTxMessage                     0x080005b9   Thumb Code   146  stm32f4xx_hal_can.o(.text.HAL_CAN_AddTxMessage)
    HAL_CAN_ConfigFilter                     0x0800064d   Thumb Code   222  stm32f4xx_hal_can.o(.text.HAL_CAN_ConfigFilter)
    HAL_CAN_ErrorCallback                    0x0800072d   Thumb Code     2  stm32f4xx_hal_can.o(.text.HAL_CAN_ErrorCallback)
    HAL_CAN_GetRxMessage                     0x08000731   Thumb Code   292  stm32f4xx_hal_can.o(.text.HAL_CAN_GetRxMessage)
    HAL_CAN_IRQHandler                       0x08000855   Thumb Code   570  stm32f4xx_hal_can.o(.text.HAL_CAN_IRQHandler)
    HAL_CAN_Init                             0x08000a91   Thumb Code   244  stm32f4xx_hal_can.o(.text.HAL_CAN_Init)
    HAL_CAN_MspInit                          0x08000b85   Thumb Code   148  can.o(.text.HAL_CAN_MspInit)
    HAL_CAN_RxFifo0FullCallback              0x08000c19   Thumb Code     2  stm32f4xx_hal_can.o(.text.HAL_CAN_RxFifo0FullCallback)
    HAL_CAN_RxFifo0MsgPendingCallback        0x08000c1d   Thumb Code   136  can_irqhandler.o(.text.HAL_CAN_RxFifo0MsgPendingCallback)
    HAL_CAN_RxFifo1FullCallback              0x08000ca5   Thumb Code     2  stm32f4xx_hal_can.o(.text.HAL_CAN_RxFifo1FullCallback)
    HAL_CAN_RxFifo1MsgPendingCallback        0x08000ca9   Thumb Code     2  stm32f4xx_hal_can.o(.text.HAL_CAN_RxFifo1MsgPendingCallback)
    HAL_CAN_SleepCallback                    0x08000cad   Thumb Code     2  stm32f4xx_hal_can.o(.text.HAL_CAN_SleepCallback)
    HAL_CAN_Start                            0x08000cb1   Thumb Code    90  stm32f4xx_hal_can.o(.text.HAL_CAN_Start)
    HAL_CAN_TxMailbox0AbortCallback          0x08000d0d   Thumb Code     2  stm32f4xx_hal_can.o(.text.HAL_CAN_TxMailbox0AbortCallback)
    HAL_CAN_TxMailbox0CompleteCallback       0x08000d11   Thumb Code     2  stm32f4xx_hal_can.o(.text.HAL_CAN_TxMailbox0CompleteCallback)
    HAL_CAN_TxMailbox1AbortCallback          0x08000d15   Thumb Code     2  stm32f4xx_hal_can.o(.text.HAL_CAN_TxMailbox1AbortCallback)
    HAL_CAN_TxMailbox1CompleteCallback       0x08000d19   Thumb Code     2  stm32f4xx_hal_can.o(.text.HAL_CAN_TxMailbox1CompleteCallback)
    HAL_CAN_TxMailbox2AbortCallback          0x08000d1d   Thumb Code     2  stm32f4xx_hal_can.o(.text.HAL_CAN_TxMailbox2AbortCallback)
    HAL_CAN_TxMailbox2CompleteCallback       0x08000d21   Thumb Code     2  stm32f4xx_hal_can.o(.text.HAL_CAN_TxMailbox2CompleteCallback)
    HAL_CAN_WakeUpFromRxMsgCallback          0x08000d25   Thumb Code     2  stm32f4xx_hal_can.o(.text.HAL_CAN_WakeUpFromRxMsgCallback)
    HAL_DMA_Abort                            0x08000d29   Thumb Code   128  stm32f4xx_hal_dma.o(.text.HAL_DMA_Abort)
    HAL_DMA_Abort_IT                         0x08000da9   Thumb Code    36  stm32f4xx_hal_dma.o(.text.HAL_DMA_Abort_IT)
    HAL_GPIO_EXTI_Callback                   0x08000dcd   Thumb Code    22  exti_irqhandler.o(.text.HAL_GPIO_EXTI_Callback)
    HAL_GPIO_EXTI_IRQHandler                 0x08000de5   Thumb Code    26  stm32f4xx_hal_gpio.o(.text.HAL_GPIO_EXTI_IRQHandler)
    HAL_GPIO_Init                            0x08000e01   Thumb Code   416  stm32f4xx_hal_gpio.o(.text.HAL_GPIO_Init)
    HAL_GPIO_WritePin                        0x08000fa1   Thumb Code    10  stm32f4xx_hal_gpio.o(.text.HAL_GPIO_WritePin)
    HAL_GetTick                              0x08000fad   Thumb Code    12  stm32f4xx_hal.o(.text.HAL_GetTick)
    HAL_IncTick                              0x08000fb9   Thumb Code    26  stm32f4xx_hal.o(.text.HAL_IncTick)
    HAL_Init                                 0x08000fd5   Thumb Code    54  stm32f4xx_hal.o(.text.HAL_Init)
    HAL_InitTick                             0x0800100d   Thumb Code   164  stm32f4xx_hal_timebase_tim.o(.text.HAL_InitTick)
    HAL_MspInit                              0x080010b1   Thumb Code    70  stm32f4xx_hal_msp.o(.text.HAL_MspInit)
    HAL_NVIC_EnableIRQ                       0x080010f9   Thumb Code    32  stm32f4xx_hal_cortex.o(.text.HAL_NVIC_EnableIRQ)
    HAL_NVIC_SetPriority                     0x08001119   Thumb Code    86  stm32f4xx_hal_cortex.o(.text.HAL_NVIC_SetPriority)
    HAL_NVIC_SetPriorityGrouping             0x08001171   Thumb Code    32  stm32f4xx_hal_cortex.o(.text.HAL_NVIC_SetPriorityGrouping)
    HAL_RCC_ClockConfig                      0x08001191   Thumb Code   352  stm32f4xx_hal_rcc.o(.text.HAL_RCC_ClockConfig)
    HAL_RCC_GetClockConfig                   0x080012f1   Thumb Code    62  stm32f4xx_hal_rcc.o(.text.HAL_RCC_GetClockConfig)
    HAL_RCC_GetPCLK1Freq                     0x08001331   Thumb Code    38  stm32f4xx_hal_rcc.o(.text.HAL_RCC_GetPCLK1Freq)
    HAL_RCC_GetPCLK2Freq                     0x08001359   Thumb Code    38  stm32f4xx_hal_rcc.o(.text.HAL_RCC_GetPCLK2Freq)
    HAL_RCC_GetSysClockFreq                  0x08001381   Thumb Code   104  stm32f4xx_hal_rcc.o(.text.HAL_RCC_GetSysClockFreq)
    HAL_RCC_OscConfig                        0x080013e9   Thumb Code   840  stm32f4xx_hal_rcc.o(.text.HAL_RCC_OscConfig)
    HAL_TIMEx_BreakCallback                  0x08001731   Thumb Code     2  stm32f4xx_hal_tim_ex.o(.text.HAL_TIMEx_BreakCallback)
    HAL_TIMEx_CommutCallback                 0x08001735   Thumb Code     2  stm32f4xx_hal_tim_ex.o(.text.HAL_TIMEx_CommutCallback)
    HAL_TIMEx_MasterConfigSynchronization    0x08001739   Thumb Code   184  stm32f4xx_hal_tim_ex.o(.text.HAL_TIMEx_MasterConfigSynchronization)
    HAL_TIM_Base_Init                        0x080017f1   Thumb Code    90  stm32f4xx_hal_tim.o(.text.HAL_TIM_Base_Init)
    HAL_TIM_Base_MspInit                     0x0800184d   Thumb Code   110  tim.o(.text.HAL_TIM_Base_MspInit)
    HAL_TIM_Base_Start_IT                    0x080018bd   Thumb Code   168  stm32f4xx_hal_tim.o(.text.HAL_TIM_Base_Start_IT)
    HAL_TIM_ConfigClockSource                0x08001965   Thumb Code   412  stm32f4xx_hal_tim.o(.text.HAL_TIM_ConfigClockSource)
    HAL_TIM_IC_CaptureCallback               0x08001b01   Thumb Code     2  stm32f4xx_hal_tim.o(.text.HAL_TIM_IC_CaptureCallback)
    HAL_TIM_IRQHandler                       0x08001b05   Thumb Code   326  stm32f4xx_hal_tim.o(.text.HAL_TIM_IRQHandler)
    HAL_TIM_OC_DelayElapsedCallback          0x08001c4d   Thumb Code     2  stm32f4xx_hal_tim.o(.text.HAL_TIM_OC_DelayElapsedCallback)
    HAL_TIM_PWM_ConfigChannel                0x08001c51   Thumb Code   534  stm32f4xx_hal_tim.o(.text.HAL_TIM_PWM_ConfigChannel)
    HAL_TIM_PWM_Init                         0x08001e69   Thumb Code    90  stm32f4xx_hal_tim.o(.text.HAL_TIM_PWM_Init)
    HAL_TIM_PWM_MspInit                      0x08001ec5   Thumb Code     2  stm32f4xx_hal_tim.o(.text.HAL_TIM_PWM_MspInit)
    HAL_TIM_PWM_PulseFinishedCallback        0x08001ec9   Thumb Code     2  stm32f4xx_hal_tim.o(.text.HAL_TIM_PWM_PulseFinishedCallback)
    HAL_TIM_PWM_Start                        0x08001ecd   Thumb Code   302  stm32f4xx_hal_tim.o(.text.HAL_TIM_PWM_Start)
    HAL_TIM_PeriodElapsedCallback            0x08001ffd   Thumb Code    28  main.o(.text.HAL_TIM_PeriodElapsedCallback)
    HAL_TIM_TriggerCallback                  0x08002019   Thumb Code     2  stm32f4xx_hal_tim.o(.text.HAL_TIM_TriggerCallback)
    HAL_UARTEx_RxEventCallback               0x0800201d   Thumb Code     2  stm32f4xx_hal_uart.o(.text.HAL_UARTEx_RxEventCallback)
    HAL_UART_ErrorCallback                   0x08002021   Thumb Code     2  stm32f4xx_hal_uart.o(.text.HAL_UART_ErrorCallback)
    HAL_UART_IRQHandler                      0x08002025   Thumb Code   782  stm32f4xx_hal_uart.o(.text.HAL_UART_IRQHandler)
    HAL_UART_Init                            0x08002335   Thumb Code    96  stm32f4xx_hal_uart.o(.text.HAL_UART_Init)
    HAL_UART_MspInit                         0x08002395   Thumb Code   166  usart.o(.text.HAL_UART_MspInit)
    HAL_UART_Receive_IT                      0x0800243d   Thumb Code    84  stm32f4xx_hal_uart.o(.text.HAL_UART_Receive_IT)
    HAL_UART_RxCpltCallback                  0x08002491   Thumb Code   212  uart_irqhandler.o(.text.HAL_UART_RxCpltCallback)
    HAL_UART_Transmit_IT                     0x08002565   Thumb Code    56  stm32f4xx_hal_uart.o(.text.HAL_UART_Transmit_IT)
    HAL_UART_TxCpltCallback                  0x0800259d   Thumb Code     2  stm32f4xx_hal_uart.o(.text.HAL_UART_TxCpltCallback)
    HardFault_Handler                        0x080025a1   Thumb Code     2  stm32f4xx_it.o(.text.HardFault_Handler)
    MX_CAN1_Init                             0x080025a5   Thumb Code   192  can.o(.text.MX_CAN1_Init)
    MX_FREERTOS_Init                         0x08002665   Thumb Code    36  freertos.o(.text.MX_FREERTOS_Init)
    MX_GPIO_Init                             0x08002689   Thumb Code   172  gpio.o(.text.MX_GPIO_Init)
    MX_TIM2_Init                             0x08002735   Thumb Code   120  tim.o(.text.MX_TIM2_Init)
    MX_TIM3_Init                             0x080027ad   Thumb Code   292  tim.o(.text.MX_TIM3_Init)
    MX_USART1_UART_Init                      0x080028d1   Thumb Code    56  usart.o(.text.MX_USART1_UART_Init)
    MemManage_Handler                        0x08002909   Thumb Code     2  stm32f4xx_it.o(.text.MemManage_Handler)
    NMI_Handler                              0x0800290d   Thumb Code     2  stm32f4xx_it.o(.text.NMI_Handler)
    PendSV_Handler                           0x08002911   Thumb Code   100  port.o(.text.PendSV_Handler)
    SVC_Handler                              0x08002981   Thumb Code    36  port.o(.text.SVC_Handler)
    Sine_Wave                                0x080029a5   Thumb Code    44  wave.o(.text.Sine_Wave)
    SysTick_Handler                          0x080029d1   Thumb Code    26  cmsis_os2.o(.text.SysTick_Handler)
    SystemClock_Config                       0x080029ed   Thumb Code   170  main.o(.text.SystemClock_Config)
    SystemInit                               0x08002a99   Thumb Code    18  system_stm32f4xx.o(.text.SystemInit)
    TIM1_UP_TIM10_IRQHandler                 0x08002aad   Thumb Code    16  stm32f4xx_it.o(.text.TIM1_UP_TIM10_IRQHandler)
    TIM2_IRQHandler                          0x08002abd   Thumb Code    16  stm32f4xx_it.o(.text.TIM2_IRQHandler)
    TIM3_IRQHandler                          0x08002acd   Thumb Code    16  stm32f4xx_it.o(.text.TIM3_IRQHandler)
    TIM_Base_SetConfig                       0x08002add   Thumb Code   300  stm32f4xx_hal_tim.o(.text.TIM_Base_SetConfig)
    TIM_PeriodElapsedCallback                0x08002c09   Thumb Code   192  tim_irqhandler.o(.text.TIM_PeriodElapsedCallback)
    UART_Start_Receive                       0x08002e81   Thumb Code    26  uart_irqhandler.o(.text.UART_Start_Receive)
    USART1_IRQHandler                        0x08002e9d   Thumb Code    16  stm32f4xx_it.o(.text.USART1_IRQHandler)
    UsageFault_Handler                       0x08002ead   Thumb Code     2  stm32f4xx_it.o(.text.UsageFault_Handler)
    Water_Task                               0x08002eb1   Thumb Code   100  myostask.o(.text.Water_Task)
    beep                                     0x08002f15   Thumb Code   188  beep.o(.text.beep)
    beep_exit                                0x08002fd1   Thumb Code    44  beep.o(.text.beep_exit)
    beep_run                                 0x08002ffd   Thumb Code   164  beep.o(.text.beep_run)
    main                                     0x080030a1   Thumb Code   110  main.o(.text.main)
    osDelay                                  0x08003111   Thumb Code    32  cmsis_os2.o(.text.osDelay)
    osKernelInitialize                       0x08003131   Thumb Code    40  cmsis_os2.o(.text.osKernelInitialize)
    osKernelStart                            0x08003159   Thumb Code    60  cmsis_os2.o(.text.osKernelStart)
    osThreadNew                              0x08003195   Thumb Code   184  cmsis_os2.o(.text.osThreadNew)
    pvPortMalloc                             0x08003971   Thumb Code   454  heap_4.o(.text.pvPortMalloc)
    pxPortInitialiseStack                    0x08003b39   Thumb Code    40  port.o(.text.pxPortInitialiseStack)
    timer_is_expired                         0x08003b61   Thumb Code    32  timer.o(.text.timer_is_expired)
    timer_start                              0x08003b81   Thumb Code     6  timer.o(.text.timer_start)
    timer_stop                               0x08003b89   Thumb Code     6  timer.o(.text.timer_stop)
    uxListRemove                             0x08003b91   Thumb Code    36  list.o(.text.uxListRemove)
    uxTaskGetStackHighWaterMark              0x08003bb5   Thumb Code    44  tasks.o(.text.uxTaskGetStackHighWaterMark)
    vApplicationGetIdleTaskMemory            0x08003be1   Thumb Code    26  cmsis_os2.o(.text.vApplicationGetIdleTaskMemory)
    vApplicationGetTimerTaskMemory           0x08003bfd   Thumb Code    28  cmsis_os2.o(.text.vApplicationGetTimerTaskMemory)
    vListInitialise                          0x08003c19   Thumb Code    22  list.o(.text.vListInitialise)
    vListInitialiseItem                      0x08003c31   Thumb Code     6  list.o(.text.vListInitialiseItem)
    vListInsert                              0x08003c39   Thumb Code    58  list.o(.text.vListInsert)
    vListInsertEnd                           0x08003c75   Thumb Code    28  list.o(.text.vListInsertEnd)
    vPortEnterCritical                       0x08003ca5   Thumb Code    70  port.o(.text.vPortEnterCritical)
    vPortExitCritical                        0x08003ced   Thumb Code    46  port.o(.text.vPortExitCritical)
    vPortFree                                0x08003d1d   Thumb Code   208  heap_4.o(.text.vPortFree)
    vPortSetupTimerInterrupt                 0x08003ded   Thumb Code    52  port.o(.text.vPortSetupTimerInterrupt)
    vQueueAddToRegistry                      0x08003e21   Thumb Code    40  queue.o(.text.vQueueAddToRegistry)
    vQueueWaitForMessageRestricted           0x08003e49   Thumb Code    68  queue.o(.text.vQueueWaitForMessageRestricted)
    vTaskDelay                               0x08003e8d   Thumb Code   166  tasks.o(.text.vTaskDelay)
    vTaskInternalSetTimeOutState             0x08003f35   Thumb Code    26  tasks.o(.text.vTaskInternalSetTimeOutState)
    vTaskMissedYield                         0x08003f51   Thumb Code    14  tasks.o(.text.vTaskMissedYield)
    vTaskPlaceOnEventList                    0x08003f61   Thumb Code    50  tasks.o(.text.vTaskPlaceOnEventList)
    vTaskPlaceOnEventListRestricted          0x08003f95   Thumb Code    62  tasks.o(.text.vTaskPlaceOnEventListRestricted)
    vTaskStartScheduler                      0x08003fd5   Thumb Code   156  tasks.o(.text.vTaskStartScheduler)
    vTaskSuspendAll                          0x08004079   Thumb Code    16  tasks.o(.text.vTaskSuspendAll)
    vTaskSwitchContext                       0x08004089   Thumb Code   154  tasks.o(.text.vTaskSwitchContext)
    xPortStartScheduler                      0x08004125   Thumb Code   302  port.o(.text.xPortStartScheduler)
    xPortSysTickHandler                      0x08004255   Thumb Code    46  port.o(.text.xPortSysTickHandler)
    xQueueGenericCreateStatic                0x08004285   Thumb Code   218  queue.o(.text.xQueueGenericCreateStatic)
    xQueueGenericSend                        0x08004361   Thumb Code   530  queue.o(.text.xQueueGenericSend)
    xQueueReceive                            0x08004575   Thumb Code   424  queue.o(.text.xQueueReceive)
    xTaskCheckForTimeOut                     0x0800471d   Thumb Code   142  tasks.o(.text.xTaskCheckForTimeOut)
    xTaskCreate                              0x080047ad   Thumb Code   220  tasks.o(.text.xTaskCreate)
    xTaskCreateStatic                        0x08004889   Thumb Code   232  tasks.o(.text.xTaskCreateStatic)
    xTaskGetSchedulerState                   0x08004971   Thumb Code    38  tasks.o(.text.xTaskGetSchedulerState)
    xTaskGetTickCount                        0x08004999   Thumb Code    12  tasks.o(.text.xTaskGetTickCount)
    xTaskIncrementTick                       0x080049a5   Thumb Code   366  tasks.o(.text.xTaskIncrementTick)
    xTaskPriorityDisinherit                  0x08004b15   Thumb Code   146  tasks.o(.text.xTaskPriorityDisinherit)
    xTaskRemoveFromEventList                 0x08004ba9   Thumb Code   142  tasks.o(.text.xTaskRemoveFromEventList)
    xTaskResumeAll                           0x08004c39   Thumb Code   312  tasks.o(.text.xTaskResumeAll)
    xTimerCreateTimerTask                    0x08004d71   Thumb Code   108  timers.o(.text.xTimerCreateTimerTask)
    _fp_init                                 0x08004de5   Thumb Code    26  fpinit.o(x$fpl$fpinit)
    __fplib_config_fpu_vfp                   0x08004dfd   Thumb Code     0  fpinit.o(x$fpl$fpinit)
    __fplib_config_pureend_doubles           0x08004dfd   Thumb Code     0  fpinit.o(x$fpl$fpinit)
    AHBPrescTable                            0x08004dfe   Data          16  system_stm32f4xx.o(.rodata.AHBPrescTable)
    APBPrescTable                            0x08004e0e   Data           8  system_stm32f4xx.o(.rodata.APBPrescTable)
    WaterTask_attributes                     0x08004e18   Data          36  freertos.o(.rodata.WaterTask_attributes)
    Region$$Table$$Base                      0x08004e48   Number         0  anon$$obj.o(Region$$Table)
    Region$$Table$$Limit                     0x08004e68   Number         0  anon$$obj.o(Region$$Table)
    SystemCoreClock                          0x20000000   Data           4  system_stm32f4xx.o(.data.SystemCoreClock)
    breathe_led_period                       0x20000004   Data           4  tim_irqhandler.o(.data.breathe_led_period)
    uwTickFreq                               0x20000008   Data           1  stm32f4xx_hal.o(.data.uwTickFreq)
    uwTickPrio                               0x2000000c   Data           4  stm32f4xx_hal.o(.data.uwTickPrio)
    __libspace_start                         0x20000018   Data          96  libspace.o(.bss)
    Beep_Trigger                             0x20000078   Data           1  exti_irqhandler.o(.bss.Beep_Trigger)
    __temporary_stack_top$libspace           0x20000078   Data           0  libspace.o(.bss)
    RxData                                   0x20000080   Data           8  can_irqhandler.o(.bss.RxData)
    RxHeader                                 0x20000088   Data          28  can_irqhandler.o(.bss.RxHeader)
    TxData                                   0x200000ac   Data           3  uart_irqhandler.o(.bss.TxData)
    TxHeader                                 0x200000b0   Data          24  can_irqhandler.o(.bss.TxHeader)
    TxMailbox                                0x200000c8   Data           4  can_irqhandler.o(.bss.TxMailbox)
    WaterTaskHandle                          0x200000cc   Data           4  freertos.o(.bss.WaterTaskHandle)
    beep_initialized                         0x200000d0   Data           1  beep.o(.bss.beep_initialized)
    beep_times                               0x200000d1   Data           1  beep.o(.bss.beep_times)
    breathe_is_on                            0x200000d2   Data           1  tim_irqhandler.o(.bss.breathe_is_on)
    hcan1                                    0x200000e4   Data          40  can.o(.bss.hcan1)
    htim1                                    0x2000010c   Data          72  stm32f4xx_hal_timebase_tim.o(.bss.htim1)
    htim2                                    0x20000154   Data          72  tim.o(.bss.htim2)
    htim3                                    0x2000019c   Data          72  tim.o(.bss.htim3)
    huart1                                   0x200001e4   Data          72  usart.o(.bss.huart1)
    pxCurrentTCB                             0x20000324   Data           4  tasks.o(.bss.pxCurrentTCB)
    rx_buffer                                0x2000079c   Data           5  uart_irqhandler.o(.bss.rx_buffer)
    uwTick                                   0x200043ac   Data           4  stm32f4xx_hal.o(.bss.uwTick)
    waterTaskStackHighWaterMark              0x20004a7c   Data           4  myostask.o(.bss.waterTaskStackHighWaterMark)
    xQueueRegistry                           0x20004b08   Data          64  queue.o(.bss.xQueueRegistry)
    y                                        0x20004b8c   Data           4  can_irqhandler.o(.bss.y)



==============================================================================

Memory Map of the image

  Image Entry point : 0x08000189

  Load Region LR_IROM1 (Base: 0x08000000, Size: 0x00004e80, Max: 0x00100000, ABSOLUTE)

    Execution Region ER_IROM1 (Exec base: 0x08000000, Load base: 0x08000000, Size: 0x00004e68, Max: 0x00100000, ABSOLUTE)

    Exec Addr    Load Addr    Size         Type   Attr      Idx    E Section Name        Object

    0x08000000   0x08000000   0x00000188   Data   RO            3    RESET               startup_stm32f405xx.o
    0x08000188   0x08000188   0x00000008   Code   RO         1817  * !!!main             c_w.l(__main.o)
    0x08000190   0x08000190   0x00000034   Code   RO         1994    !!!scatter          c_w.l(__scatter.o)
    0x080001c4   0x080001c4   0x0000001a   Code   RO         1996    !!handler_copy      c_w.l(__scatter_copy.o)
    0x080001de   0x080001de   0x00000002   PAD
    0x080001e0   0x080001e0   0x0000001c   Code   RO         1998    !!handler_zi        c_w.l(__scatter_zi.o)
    0x080001fc   0x080001fc   0x00000002   Code   RO         1856    .ARM.Collect$$libinit$$00000000  c_w.l(libinit.o)
    0x080001fe   0x080001fe   0x00000004   Code   RO         1868    .ARM.Collect$$libinit$$00000001  c_w.l(libinit2.o)
    0x08000202   0x08000202   0x00000000   Code   RO         1871    .ARM.Collect$$libinit$$00000004  c_w.l(libinit2.o)
    0x08000202   0x08000202   0x00000000   Code   RO         1873    .ARM.Collect$$libinit$$00000006  c_w.l(libinit2.o)
    0x08000202   0x08000202   0x00000000   Code   RO         1876    .ARM.Collect$$libinit$$0000000C  c_w.l(libinit2.o)
    0x08000202   0x08000202   0x00000000   Code   RO         1878    .ARM.Collect$$libinit$$0000000E  c_w.l(libinit2.o)
    0x08000202   0x08000202   0x00000000   Code   RO         1880    .ARM.Collect$$libinit$$00000010  c_w.l(libinit2.o)
    0x08000202   0x08000202   0x00000000   Code   RO         1883    .ARM.Collect$$libinit$$00000013  c_w.l(libinit2.o)
    0x08000202   0x08000202   0x00000000   Code   RO         1885    .ARM.Collect$$libinit$$00000015  c_w.l(libinit2.o)
    0x08000202   0x08000202   0x00000000   Code   RO         1887    .ARM.Collect$$libinit$$00000017  c_w.l(libinit2.o)
    0x08000202   0x08000202   0x00000000   Code   RO         1889    .ARM.Collect$$libinit$$00000019  c_w.l(libinit2.o)
    0x08000202   0x08000202   0x00000000   Code   RO         1891    .ARM.Collect$$libinit$$0000001B  c_w.l(libinit2.o)
    0x08000202   0x08000202   0x00000000   Code   RO         1893    .ARM.Collect$$libinit$$0000001D  c_w.l(libinit2.o)
    0x08000202   0x08000202   0x00000000   Code   RO         1895    .ARM.Collect$$libinit$$0000001F  c_w.l(libinit2.o)
    0x08000202   0x08000202   0x00000000   Code   RO         1897    .ARM.Collect$$libinit$$00000021  c_w.l(libinit2.o)
    0x08000202   0x08000202   0x00000000   Code   RO         1899    .ARM.Collect$$libinit$$00000023  c_w.l(libinit2.o)
    0x08000202   0x08000202   0x00000000   Code   RO         1901    .ARM.Collect$$libinit$$00000025  c_w.l(libinit2.o)
    0x08000202   0x08000202   0x00000000   Code   RO         1903    .ARM.Collect$$libinit$$00000027  c_w.l(libinit2.o)
    0x08000202   0x08000202   0x00000000   Code   RO         1907    .ARM.Collect$$libinit$$0000002E  c_w.l(libinit2.o)
    0x08000202   0x08000202   0x00000000   Code   RO         1909    .ARM.Collect$$libinit$$00000030  c_w.l(libinit2.o)
    0x08000202   0x08000202   0x00000000   Code   RO         1911    .ARM.Collect$$libinit$$00000032  c_w.l(libinit2.o)
    0x08000202   0x08000202   0x00000000   Code   RO         1913    .ARM.Collect$$libinit$$00000034  c_w.l(libinit2.o)
    0x08000202   0x08000202   0x00000002   Code   RO         1914    .ARM.Collect$$libinit$$00000035  c_w.l(libinit2.o)
    0x08000204   0x08000204   0x00000002   Code   RO         1949    .ARM.Collect$$libshutdown$$00000000  c_w.l(libshutdown.o)
    0x08000206   0x08000206   0x00000000   Code   RO         1977    .ARM.Collect$$libshutdown$$00000002  c_w.l(libshutdown2.o)
    0x08000206   0x08000206   0x00000000   Code   RO         1979    .ARM.Collect$$libshutdown$$00000004  c_w.l(libshutdown2.o)
    0x08000206   0x08000206   0x00000000   Code   RO         1982    .ARM.Collect$$libshutdown$$00000007  c_w.l(libshutdown2.o)
    0x08000206   0x08000206   0x00000000   Code   RO         1985    .ARM.Collect$$libshutdown$$0000000A  c_w.l(libshutdown2.o)
    0x08000206   0x08000206   0x00000000   Code   RO         1987    .ARM.Collect$$libshutdown$$0000000C  c_w.l(libshutdown2.o)
    0x08000206   0x08000206   0x00000000   Code   RO         1990    .ARM.Collect$$libshutdown$$0000000F  c_w.l(libshutdown2.o)
    0x08000206   0x08000206   0x00000002   Code   RO         1991    .ARM.Collect$$libshutdown$$00000010  c_w.l(libshutdown2.o)
    0x08000208   0x08000208   0x00000000   Code   RO         1819    .ARM.Collect$$rtentry$$00000000  c_w.l(__rtentry.o)
    0x08000208   0x08000208   0x00000000   Code   RO         1827    .ARM.Collect$$rtentry$$00000002  c_w.l(__rtentry2.o)
    0x08000208   0x08000208   0x00000006   Code   RO         1839    .ARM.Collect$$rtentry$$00000004  c_w.l(__rtentry4.o)
    0x0800020e   0x0800020e   0x00000000   Code   RO         1829    .ARM.Collect$$rtentry$$00000009  c_w.l(__rtentry2.o)
    0x0800020e   0x0800020e   0x00000004   Code   RO         1830    .ARM.Collect$$rtentry$$0000000A  c_w.l(__rtentry2.o)
    0x08000212   0x08000212   0x00000000   Code   RO         1832    .ARM.Collect$$rtentry$$0000000C  c_w.l(__rtentry2.o)
    0x08000212   0x08000212   0x00000008   Code   RO         1833    .ARM.Collect$$rtentry$$0000000D  c_w.l(__rtentry2.o)
    0x0800021a   0x0800021a   0x00000002   Code   RO         1860    .ARM.Collect$$rtexit$$00000000  c_w.l(rtexit.o)
    0x0800021c   0x0800021c   0x00000000   Code   RO         1920    .ARM.Collect$$rtexit$$00000002  c_w.l(rtexit2.o)
    0x0800021c   0x0800021c   0x00000004   Code   RO         1921    .ARM.Collect$$rtexit$$00000003  c_w.l(rtexit2.o)
    0x08000220   0x08000220   0x00000006   Code   RO         1922    .ARM.Collect$$rtexit$$00000004  c_w.l(rtexit2.o)
    0x08000226   0x08000226   0x00000002   PAD
    0x08000228   0x08000228   0x00000040   Code   RO            4    .text               startup_stm32f405xx.o
    0x08000268   0x08000268   0x000000f0   Code   RO         1803    .text               c_w.l(lludivv7m.o)
    0x08000358   0x08000358   0x0000008a   Code   RO         1805    .text               c_w.l(rt_memcpy_v6.o)
    0x080003e2   0x080003e2   0x00000010   Code   RO         1809    .text               c_w.l(aeabi_memset4.o)
    0x080003f2   0x080003f2   0x0000004e   Code   RO         1813    .text               c_w.l(rt_memclr_w.o)
    0x08000440   0x08000440   0x00000006   Code   RO         1815    .text               c_w.l(heapauxi.o)
    0x08000446   0x08000446   0x00000064   Code   RO         1824    .text               c_w.l(rt_memcpy_w.o)
    0x080004aa   0x080004aa   0x0000004a   Code   RO         1843    .text               c_w.l(sys_stackheap_outer.o)
    0x080004f4   0x080004f4   0x00000012   Code   RO         1845    .text               c_w.l(exit.o)
    0x08000506   0x08000506   0x00000002   PAD
    0x08000508   0x08000508   0x00000008   Code   RO         1857    .text               c_w.l(libspace.o)
    0x08000510   0x08000510   0x0000000c   Code   RO         1915    .text               c_w.l(sys_exit.o)
    0x0800051c   0x0800051c   0x00000002   Code   RO         1938    .text               c_w.l(use_no_semi.o)
    0x0800051e   0x0800051e   0x00000000   Code   RO         1940    .text               c_w.l(indicate_semi.o)
    0x0800051e   0x0800051e   0x00000002   PAD
    0x08000520   0x08000520   0x00000002   Code   RO          108    .text.BusFault_Handler  stm32f4xx_it.o
    0x08000522   0x08000522   0x00000002   PAD
    0x08000524   0x08000524   0x00000010   Code   RO          114    .text.CAN1_RX0_IRQHandler  stm32f4xx_it.o
    0x08000534   0x08000534   0x00000010   Code   RO          116    .text.CAN1_RX1_IRQHandler  stm32f4xx_it.o
    0x08000544   0x08000544   0x00000034   Code   RO         1740    .text.CAN_Send_Message  can_irqhandler.o
    0x08000578   0x08000578   0x00000002   Code   RO          112    .text.DebugMon_Handler  stm32f4xx_it.o
    0x0800057a   0x0800057a   0x00000002   PAD
    0x0800057c   0x0800057c   0x0000000c   Code   RO          126    .text.EXTI15_10_IRQHandler  stm32f4xx_it.o
    0x08000588   0x08000588   0x00000006   Code   RO           15    .text.Error_Handler  main.o
    0x0800058e   0x0800058e   0x00000002   PAD
    0x08000590   0x08000590   0x00000026   Code   RO          512    .text.HAL_CAN_ActivateNotification  stm32f4xx_hal_can.o
    0x080005b6   0x080005b6   0x00000002   PAD
    0x080005b8   0x080005b8   0x00000092   Code   RO          498    .text.HAL_CAN_AddTxMessage  stm32f4xx_hal_can.o
    0x0800064a   0x0800064a   0x00000002   PAD
    0x0800064c   0x0800064c   0x000000de   Code   RO          488    .text.HAL_CAN_ConfigFilter  stm32f4xx_hal_can.o
    0x0800072a   0x0800072a   0x00000002   PAD
    0x0800072c   0x0800072c   0x00000002   Code   RO          542    .text.HAL_CAN_ErrorCallback  stm32f4xx_hal_can.o
    0x0800072e   0x0800072e   0x00000002   PAD
    0x08000730   0x08000730   0x00000124   Code   RO          508    .text.HAL_CAN_GetRxMessage  stm32f4xx_hal_can.o
    0x08000854   0x08000854   0x0000023a   Code   RO          516    .text.HAL_CAN_IRQHandler  stm32f4xx_hal_can.o
    0x08000a8e   0x08000a8e   0x00000002   PAD
    0x08000a90   0x08000a90   0x000000f4   Code   RO          478    .text.HAL_CAN_Init  stm32f4xx_hal_can.o
    0x08000b84   0x08000b84   0x00000094   Code   RO           54    .text.HAL_CAN_MspInit  can.o
    0x08000c18   0x08000c18   0x00000002   Code   RO          530    .text.HAL_CAN_RxFifo0FullCallback  stm32f4xx_hal_can.o
    0x08000c1a   0x08000c1a   0x00000002   PAD
    0x08000c1c   0x08000c1c   0x00000088   Code   RO         1738    .text.HAL_CAN_RxFifo0MsgPendingCallback  can_irqhandler.o
    0x08000ca4   0x08000ca4   0x00000002   Code   RO          534    .text.HAL_CAN_RxFifo1FullCallback  stm32f4xx_hal_can.o
    0x08000ca6   0x08000ca6   0x00000002   PAD
    0x08000ca8   0x08000ca8   0x00000002   Code   RO          536    .text.HAL_CAN_RxFifo1MsgPendingCallback  stm32f4xx_hal_can.o
    0x08000caa   0x08000caa   0x00000002   PAD
    0x08000cac   0x08000cac   0x00000002   Code   RO          538    .text.HAL_CAN_SleepCallback  stm32f4xx_hal_can.o
    0x08000cae   0x08000cae   0x00000002   PAD
    0x08000cb0   0x08000cb0   0x0000005a   Code   RO          490    .text.HAL_CAN_Start  stm32f4xx_hal_can.o
    0x08000d0a   0x08000d0a   0x00000002   PAD
    0x08000d0c   0x08000d0c   0x00000002   Code   RO          520    .text.HAL_CAN_TxMailbox0AbortCallback  stm32f4xx_hal_can.o
    0x08000d0e   0x08000d0e   0x00000002   PAD
    0x08000d10   0x08000d10   0x00000002   Code   RO          518    .text.HAL_CAN_TxMailbox0CompleteCallback  stm32f4xx_hal_can.o
    0x08000d12   0x08000d12   0x00000002   PAD
    0x08000d14   0x08000d14   0x00000002   Code   RO          524    .text.HAL_CAN_TxMailbox1AbortCallback  stm32f4xx_hal_can.o
    0x08000d16   0x08000d16   0x00000002   PAD
    0x08000d18   0x08000d18   0x00000002   Code   RO          522    .text.HAL_CAN_TxMailbox1CompleteCallback  stm32f4xx_hal_can.o
    0x08000d1a   0x08000d1a   0x00000002   PAD
    0x08000d1c   0x08000d1c   0x00000002   Code   RO          528    .text.HAL_CAN_TxMailbox2AbortCallback  stm32f4xx_hal_can.o
    0x08000d1e   0x08000d1e   0x00000002   PAD
    0x08000d20   0x08000d20   0x00000002   Code   RO          526    .text.HAL_CAN_TxMailbox2CompleteCallback  stm32f4xx_hal_can.o
    0x08000d22   0x08000d22   0x00000002   PAD
    0x08000d24   0x08000d24   0x00000002   Code   RO          540    .text.HAL_CAN_WakeUpFromRxMsgCallback  stm32f4xx_hal_can.o
    0x08000d26   0x08000d26   0x00000002   PAD
    0x08000d28   0x08000d28   0x00000080   Code   RO          714    .text.HAL_DMA_Abort  stm32f4xx_hal_dma.o
    0x08000da8   0x08000da8   0x00000024   Code   RO          716    .text.HAL_DMA_Abort_IT  stm32f4xx_hal_dma.o
    0x08000dcc   0x08000dcc   0x00000016   Code   RO         1768    .text.HAL_GPIO_EXTI_Callback  exti_irqhandler.o
    0x08000de2   0x08000de2   0x00000002   PAD
    0x08000de4   0x08000de4   0x0000001a   Code   RO          680    .text.HAL_GPIO_EXTI_IRQHandler  stm32f4xx_hal_gpio.o
    0x08000dfe   0x08000dfe   0x00000002   PAD
    0x08000e00   0x08000e00   0x000001a0   Code   RO          668    .text.HAL_GPIO_Init  stm32f4xx_hal_gpio.o
    0x08000fa0   0x08000fa0   0x0000000a   Code   RO          674    .text.HAL_GPIO_WritePin  stm32f4xx_hal_gpio.o
    0x08000faa   0x08000faa   0x00000002   PAD
    0x08000fac   0x08000fac   0x0000000c   Code   RO          865    .text.HAL_GetTick   stm32f4xx_hal.o
    0x08000fb8   0x08000fb8   0x0000001a   Code   RO          863    .text.HAL_IncTick   stm32f4xx_hal.o
    0x08000fd2   0x08000fd2   0x00000002   PAD
    0x08000fd4   0x08000fd4   0x00000036   Code   RO          853    .text.HAL_Init      stm32f4xx_hal.o
    0x0800100a   0x0800100a   0x00000002   PAD
    0x0800100c   0x0800100c   0x000000a4   Code   RO          144    .text.HAL_InitTick  stm32f4xx_hal_timebase_tim.o
    0x080010b0   0x080010b0   0x00000046   Code   RO          135    .text.HAL_MspInit   stm32f4xx_hal_msp.o
    0x080010f6   0x080010f6   0x00000002   PAD
    0x080010f8   0x080010f8   0x00000020   Code   RO          805    .text.HAL_NVIC_EnableIRQ  stm32f4xx_hal_cortex.o
    0x08001118   0x08001118   0x00000056   Code   RO          803    .text.HAL_NVIC_SetPriority  stm32f4xx_hal_cortex.o
    0x0800116e   0x0800116e   0x00000002   PAD
    0x08001170   0x08001170   0x00000020   Code   RO          801    .text.HAL_NVIC_SetPriorityGrouping  stm32f4xx_hal_cortex.o
    0x08001190   0x08001190   0x00000160   Code   RO          562    .text.HAL_RCC_ClockConfig  stm32f4xx_hal_rcc.o
    0x080012f0   0x080012f0   0x0000003e   Code   RO          580    .text.HAL_RCC_GetClockConfig  stm32f4xx_hal_rcc.o
    0x0800132e   0x0800132e   0x00000002   PAD
    0x08001330   0x08001330   0x00000026   Code   RO          574    .text.HAL_RCC_GetPCLK1Freq  stm32f4xx_hal_rcc.o
    0x08001356   0x08001356   0x00000002   PAD
    0x08001358   0x08001358   0x00000026   Code   RO          576    .text.HAL_RCC_GetPCLK2Freq  stm32f4xx_hal_rcc.o
    0x0800137e   0x0800137e   0x00000002   PAD
    0x08001380   0x08001380   0x00000068   Code   RO          564    .text.HAL_RCC_GetSysClockFreq  stm32f4xx_hal_rcc.o
    0x080013e8   0x080013e8   0x00000348   Code   RO          560    .text.HAL_RCC_OscConfig  stm32f4xx_hal_rcc.o
    0x08001730   0x08001730   0x00000002   Code   RO          464    .text.HAL_TIMEx_BreakCallback  stm32f4xx_hal_tim_ex.o
    0x08001732   0x08001732   0x00000002   PAD
    0x08001734   0x08001734   0x00000002   Code   RO          460    .text.HAL_TIMEx_CommutCallback  stm32f4xx_hal_tim_ex.o
    0x08001736   0x08001736   0x00000002   PAD
    0x08001738   0x08001738   0x000000b8   Code   RO          454    .text.HAL_TIMEx_MasterConfigSynchronization  stm32f4xx_hal_tim_ex.o
    0x080017f0   0x080017f0   0x0000005a   Code   RO          159    .text.HAL_TIM_Base_Init  stm32f4xx_hal_tim.o
    0x0800184a   0x0800184a   0x00000002   PAD
    0x0800184c   0x0800184c   0x0000006e   Code   RO           73    .text.HAL_TIM_Base_MspInit  tim.o
    0x080018ba   0x080018ba   0x00000002   PAD
    0x080018bc   0x080018bc   0x000000a8   Code   RO          173    .text.HAL_TIM_Base_Start_IT  stm32f4xx_hal_tim.o
    0x08001964   0x08001964   0x0000019c   Code   RO          339    .text.HAL_TIM_ConfigClockSource  stm32f4xx_hal_tim.o
    0x08001b00   0x08001b00   0x00000002   Code   RO          295    .text.HAL_TIM_IC_CaptureCallback  stm32f4xx_hal_tim.o
    0x08001b02   0x08001b02   0x00000002   PAD
    0x08001b04   0x08001b04   0x00000146   Code   RO          293    .text.HAL_TIM_IRQHandler  stm32f4xx_hal_tim.o
    0x08001c4a   0x08001c4a   0x00000002   PAD
    0x08001c4c   0x08001c4c   0x00000002   Code   RO          297    .text.HAL_TIM_OC_DelayElapsedCallback  stm32f4xx_hal_tim.o
    0x08001c4e   0x08001c4e   0x00000002   PAD
    0x08001c50   0x08001c50   0x00000216   Code   RO          313    .text.HAL_TIM_PWM_ConfigChannel  stm32f4xx_hal_tim.o
    0x08001e66   0x08001e66   0x00000002   PAD
    0x08001e68   0x08001e68   0x0000005a   Code   RO          213    .text.HAL_TIM_PWM_Init  stm32f4xx_hal_tim.o
    0x08001ec2   0x08001ec2   0x00000002   PAD
    0x08001ec4   0x08001ec4   0x00000002   Code   RO          215    .text.HAL_TIM_PWM_MspInit  stm32f4xx_hal_tim.o
    0x08001ec6   0x08001ec6   0x00000002   PAD
    0x08001ec8   0x08001ec8   0x00000002   Code   RO          299    .text.HAL_TIM_PWM_PulseFinishedCallback  stm32f4xx_hal_tim.o
    0x08001eca   0x08001eca   0x00000002   PAD
    0x08001ecc   0x08001ecc   0x0000012e   Code   RO          221    .text.HAL_TIM_PWM_Start  stm32f4xx_hal_tim.o
    0x08001ffa   0x08001ffa   0x00000002   PAD
    0x08001ffc   0x08001ffc   0x0000001c   Code   RO           17    .text.HAL_TIM_PeriodElapsedCallback  main.o
    0x08002018   0x08002018   0x00000002   Code   RO          303    .text.HAL_TIM_TriggerCallback  stm32f4xx_hal_tim.o
    0x0800201a   0x0800201a   0x00000002   PAD
    0x0800201c   0x0800201c   0x00000002   Code   RO         1030    .text.HAL_UARTEx_RxEventCallback  stm32f4xx_hal_uart.o
    0x0800201e   0x0800201e   0x00000002   PAD
    0x08002020   0x08002020   0x00000002   Code   RO         1028    .text.HAL_UART_ErrorCallback  stm32f4xx_hal_uart.o
    0x08002022   0x08002022   0x00000002   PAD
    0x08002024   0x08002024   0x0000030e   Code   RO         1022    .text.HAL_UART_IRQHandler  stm32f4xx_hal_uart.o
    0x08002332   0x08002332   0x00000002   PAD
    0x08002334   0x08002334   0x00000060   Code   RO          944    .text.HAL_UART_Init  stm32f4xx_hal_uart.o
    0x08002394   0x08002394   0x000000a6   Code   RO           89    .text.HAL_UART_MspInit  usart.o
    0x0800243a   0x0800243a   0x00000002   PAD
    0x0800243c   0x0800243c   0x00000054   Code   RO          966    .text.HAL_UART_Receive_IT  stm32f4xx_hal_uart.o
    0x08002490   0x08002490   0x000000d4   Code   RO         1780    .text.HAL_UART_RxCpltCallback  uart_irqhandler.o
    0x08002564   0x08002564   0x00000038   Code   RO          964    .text.HAL_UART_Transmit_IT  stm32f4xx_hal_uart.o
    0x0800259c   0x0800259c   0x00000002   Code   RO         1032    .text.HAL_UART_TxCpltCallback  stm32f4xx_hal_uart.o
    0x0800259e   0x0800259e   0x00000002   PAD
    0x080025a0   0x080025a0   0x00000002   Code   RO          104    .text.HardFault_Handler  stm32f4xx_it.o
    0x080025a2   0x080025a2   0x00000002   PAD
    0x080025a4   0x080025a4   0x000000c0   Code   RO           52    .text.MX_CAN1_Init  can.o
    0x08002664   0x08002664   0x00000024   Code   RO           37    .text.MX_FREERTOS_Init  freertos.o
    0x08002688   0x08002688   0x000000ac   Code   RO           28    .text.MX_GPIO_Init  gpio.o
    0x08002734   0x08002734   0x00000078   Code   RO           67    .text.MX_TIM2_Init  tim.o
    0x080027ac   0x080027ac   0x00000124   Code   RO           69    .text.MX_TIM3_Init  tim.o
    0x080028d0   0x080028d0   0x00000038   Code   RO           87    .text.MX_USART1_UART_Init  usart.o
    0x08002908   0x08002908   0x00000002   Code   RO          106    .text.MemManage_Handler  stm32f4xx_it.o
    0x0800290a   0x0800290a   0x00000002   PAD
    0x0800290c   0x0800290c   0x00000002   Code   RO          102    .text.NMI_Handler   stm32f4xx_it.o
    0x0800290e   0x0800290e   0x00000002   PAD
    0x08002910   0x08002910   0x00000064   Code   RO         1666    .text.PendSV_Handler  port.o
    0x08002974   0x08002974   0x0000000c   PAD
    0x08002980   0x08002980   0x00000024   Code   RO         1650    .text.SVC_Handler   port.o
    0x080029a4   0x080029a4   0x0000002c   Code   RO         1729    .text.Sine_Wave     wave.o
    0x080029d0   0x080029d0   0x0000001a   Code   RO         1455    .text.SysTick_Handler  cmsis_os2.o
    0x080029ea   0x080029ea   0x00000002   PAD
    0x080029ec   0x080029ec   0x000000aa   Code   RO           13    .text.SystemClock_Config  main.o
    0x08002a96   0x08002a96   0x00000002   PAD
    0x08002a98   0x08002a98   0x00000012   Code   RO         1066    .text.SystemInit    system_stm32f4xx.o
    0x08002aaa   0x08002aaa   0x00000002   PAD
    0x08002aac   0x08002aac   0x00000010   Code   RO          118    .text.TIM1_UP_TIM10_IRQHandler  stm32f4xx_it.o
    0x08002abc   0x08002abc   0x00000010   Code   RO          120    .text.TIM2_IRQHandler  stm32f4xx_it.o
    0x08002acc   0x08002acc   0x00000010   Code   RO          122    .text.TIM3_IRQHandler  stm32f4xx_it.o
    0x08002adc   0x08002adc   0x0000012c   Code   RO          163    .text.TIM_Base_SetConfig  stm32f4xx_hal_tim.o
    0x08002c08   0x08002c08   0x000000c0   Code   RO         1755    .text.TIM_PeriodElapsedCallback  tim_irqhandler.o
    0x08002cc8   0x08002cc8   0x0000000e   Code   RO         1026    .text.UART_DMAAbortOnError  stm32f4xx_hal_uart.o
    0x08002cd6   0x08002cd6   0x00000002   PAD
    0x08002cd8   0x08002cd8   0x000000c8   Code   RO         1024    .text.UART_Receive_IT  stm32f4xx_hal_uart.o
    0x08002da0   0x08002da0   0x000000de   Code   RO          948    .text.UART_SetConfig  stm32f4xx_hal_uart.o
    0x08002e7e   0x08002e7e   0x00000002   PAD
    0x08002e80   0x08002e80   0x0000001a   Code   RO         1778    .text.UART_Start_Receive  uart_irqhandler.o
    0x08002e9a   0x08002e9a   0x00000002   PAD
    0x08002e9c   0x08002e9c   0x00000010   Code   RO          124    .text.USART1_IRQHandler  stm32f4xx_it.o
    0x08002eac   0x08002eac   0x00000002   Code   RO          110    .text.UsageFault_Handler  stm32f4xx_it.o
    0x08002eae   0x08002eae   0x00000002   PAD
    0x08002eb0   0x08002eb0   0x00000064   Code   RO         1792    .text.Water_Task    myostask.o
    0x08002f14   0x08002f14   0x000000bc   Code   RO         1697    .text.beep          beep.o
    0x08002fd0   0x08002fd0   0x0000002c   Code   RO         1691    .text.beep_exit     beep.o
    0x08002ffc   0x08002ffc   0x000000a4   Code   RO         1689    .text.beep_run      beep.o
    0x080030a0   0x080030a0   0x0000006e   Code   RO           11    .text.main          main.o
    0x0800310e   0x0800310e   0x00000002   PAD
    0x08003110   0x08003110   0x00000020   Code   RO         1515    .text.osDelay       cmsis_os2.o
    0x08003130   0x08003130   0x00000028   Code   RO         1457    .text.osKernelInitialize  cmsis_os2.o
    0x08003158   0x08003158   0x0000003c   Code   RO         1463    .text.osKernelStart  cmsis_os2.o
    0x08003194   0x08003194   0x000000b8   Code   RO         1479    .text.osThreadNew   cmsis_os2.o
    0x0800324c   0x0800324c   0x00000080   Code   RO         1273    .text.prvAddCurrentTaskToDelayedList  tasks.o
    0x080032cc   0x080032cc   0x0000011c   Code   RO         1263    .text.prvAddNewTaskToReadyList  tasks.o
    0x080033e8   0x080033e8   0x0000007c   Code   RO         1400    .text.prvCheckForValidListAndQueue  timers.o
    0x08003464   0x08003464   0x00000096   Code   RO         1297    .text.prvIdleTask   tasks.o
    0x080034fa   0x080034fa   0x00000002   PAD
    0x080034fc   0x080034fc   0x00000028   Code   RO         1658    .text.prvPortStartFirstTask  port.o
    0x08003524   0x08003524   0x000000ea   Code   RO         1436    .text.prvSampleTimeNow  timers.o
    0x0800360e   0x0800360e   0x00000002   PAD
    0x08003610   0x08003610   0x00000032   Code   RO         1648    .text.prvTaskExitError  port.o
    0x08003642   0x08003642   0x00000002   PAD
    0x08003644   0x08003644   0x000002b6   Code   RO         1402    .text.prvTimerTask  timers.o
    0x080038fa   0x080038fa   0x00000002   PAD
    0x080038fc   0x080038fc   0x00000072   Code   RO         1162    .text.prvUnlockQueue  queue.o
    0x0800396e   0x0800396e   0x00000002   PAD
    0x08003970   0x08003970   0x000001c6   Code   RO         1618    .text.pvPortMalloc  heap_4.o
    0x08003b36   0x08003b36   0x00000002   PAD
    0x08003b38   0x08003b38   0x00000028   Code   RO         1646    .text.pxPortInitialiseStack  port.o
    0x08003b60   0x08003b60   0x00000020   Code   RO         1716    .text.timer_is_expired  timer.o
    0x08003b80   0x08003b80   0x00000006   Code   RO         1712    .text.timer_start   timer.o
    0x08003b86   0x08003b86   0x00000002   PAD
    0x08003b88   0x08003b88   0x00000006   Code   RO         1714    .text.timer_stop    timer.o
    0x08003b8e   0x08003b8e   0x00000002   PAD
    0x08003b90   0x08003b90   0x00000024   Code   RO         1126    .text.uxListRemove  list.o
    0x08003bb4   0x08003bb4   0x0000002c   Code   RO         1339    .text.uxTaskGetStackHighWaterMark  tasks.o
    0x08003be0   0x08003be0   0x0000001a   Code   RO         1601    .text.vApplicationGetIdleTaskMemory  cmsis_os2.o
    0x08003bfa   0x08003bfa   0x00000002   PAD
    0x08003bfc   0x08003bfc   0x0000001c   Code   RO         1603    .text.vApplicationGetTimerTaskMemory  cmsis_os2.o
    0x08003c18   0x08003c18   0x00000016   Code   RO         1118    .text.vListInitialise  list.o
    0x08003c2e   0x08003c2e   0x00000002   PAD
    0x08003c30   0x08003c30   0x00000006   Code   RO         1120    .text.vListInitialiseItem  list.o
    0x08003c36   0x08003c36   0x00000002   PAD
    0x08003c38   0x08003c38   0x0000003a   Code   RO         1124    .text.vListInsert   list.o
    0x08003c72   0x08003c72   0x00000002   PAD
    0x08003c74   0x08003c74   0x0000001c   Code   RO         1122    .text.vListInsertEnd  list.o
    0x08003c90   0x08003c90   0x00000014   Code   RO         1656    .text.vPortEnableVFP  port.o
    0x08003ca4   0x08003ca4   0x00000046   Code   RO         1662    .text.vPortEnterCritical  port.o
    0x08003cea   0x08003cea   0x00000002   PAD
    0x08003cec   0x08003cec   0x0000002e   Code   RO         1664    .text.vPortExitCritical  port.o
    0x08003d1a   0x08003d1a   0x00000002   PAD
    0x08003d1c   0x08003d1c   0x000000d0   Code   RO         1620    .text.vPortFree     heap_4.o
    0x08003dec   0x08003dec   0x00000034   Code   RO         1654    .text.vPortSetupTimerInterrupt  port.o
    0x08003e20   0x08003e20   0x00000028   Code   RO         1196    .text.vQueueAddToRegistry  queue.o
    0x08003e48   0x08003e48   0x00000044   Code   RO         1200    .text.vQueueWaitForMessageRestricted  queue.o
    0x08003e8c   0x08003e8c   0x000000a6   Code   RO         1277    .text.vTaskDelay    tasks.o
    0x08003f32   0x08003f32   0x00000002   PAD
    0x08003f34   0x08003f34   0x0000001a   Code   RO         1327    .text.vTaskInternalSetTimeOutState  tasks.o
    0x08003f4e   0x08003f4e   0x00000002   PAD
    0x08003f50   0x08003f50   0x0000000e   Code   RO         1331    .text.vTaskMissedYield  tasks.o
    0x08003f5e   0x08003f5e   0x00000002   PAD
    0x08003f60   0x08003f60   0x00000032   Code   RO         1315    .text.vTaskPlaceOnEventList  tasks.o
    0x08003f92   0x08003f92   0x00000002   PAD
    0x08003f94   0x08003f94   0x0000003e   Code   RO         1319    .text.vTaskPlaceOnEventListRestricted  tasks.o
    0x08003fd2   0x08003fd2   0x00000002   PAD
    0x08003fd4   0x08003fd4   0x000000a4   Code   RO         1295    .text.vTaskStartScheduler  tasks.o
    0x08004078   0x08004078   0x00000010   Code   RO         1271    .text.vTaskSuspendAll  tasks.o
    0x08004088   0x08004088   0x0000009a   Code   RO         1289    .text.vTaskSwitchContext  tasks.o
    0x08004122   0x08004122   0x00000002   PAD
    0x08004124   0x08004124   0x0000012e   Code   RO         1652    .text.xPortStartScheduler  port.o
    0x08004252   0x08004252   0x00000002   PAD
    0x08004254   0x08004254   0x0000002e   Code   RO         1668    .text.xPortSysTickHandler  port.o
    0x08004282   0x08004282   0x00000002   PAD
    0x08004284   0x08004284   0x000000da   Code   RO         1138    .text.xQueueGenericCreateStatic  queue.o
    0x0800435e   0x0800435e   0x00000002   PAD
    0x08004360   0x08004360   0x00000212   Code   RO         1152    .text.xQueueGenericSend  queue.o
    0x08004572   0x08004572   0x00000002   PAD
    0x08004574   0x08004574   0x000001a8   Code   RO         1168    .text.xQueueReceive  queue.o
    0x0800471c   0x0800471c   0x0000008e   Code   RO         1329    .text.xTaskCheckForTimeOut  tasks.o
    0x080047aa   0x080047aa   0x00000002   PAD
    0x080047ac   0x080047ac   0x000000dc   Code   RO         1265    .text.xTaskCreate   tasks.o
    0x08004888   0x08004888   0x000000e8   Code   RO         1261    .text.xTaskCreateStatic  tasks.o
    0x08004970   0x08004970   0x00000026   Code   RO         1343    .text.xTaskGetSchedulerState  tasks.o
    0x08004996   0x08004996   0x00000002   PAD
    0x08004998   0x08004998   0x0000000c   Code   RO         1303    .text.xTaskGetTickCount  tasks.o
    0x080049a4   0x080049a4   0x0000016e   Code   RO         1301    .text.xTaskIncrementTick  tasks.o
    0x08004b12   0x08004b12   0x00000002   PAD
    0x08004b14   0x08004b14   0x00000092   Code   RO         1347    .text.xTaskPriorityDisinherit  tasks.o
    0x08004ba6   0x08004ba6   0x00000002   PAD
    0x08004ba8   0x08004ba8   0x0000008e   Code   RO         1321    .text.xTaskRemoveFromEventList  tasks.o
    0x08004c36   0x08004c36   0x00000002   PAD
    0x08004c38   0x08004c38   0x00000138   Code   RO         1275    .text.xTaskResumeAll  tasks.o
    0x08004d70   0x08004d70   0x00000074   Code   RO         1398    .text.xTimerCreateTimerTask  timers.o
    0x08004de4   0x08004de4   0x0000001a   Code   RO         1932    x$fpl$fpinit        fz_wm.l(fpinit.o)
    0x08004dfe   0x08004dfe   0x00000010   Data   RO         1071    .rodata.AHBPrescTable  system_stm32f4xx.o
    0x08004e0e   0x08004e0e   0x00000008   Data   RO         1072    .rodata.APBPrescTable  system_stm32f4xx.o
    0x08004e16   0x08004e16   0x00000002   PAD
    0x08004e18   0x08004e18   0x00000024   Data   RO           42    .rodata.WaterTask_attributes  freertos.o
    0x08004e3c   0x08004e3c   0x0000000a   Data   RO           41    .rodata.str1.1      freertos.o
    0x08004e46   0x08004e46   0x00000002   PAD
    0x08004e48   0x08004e48   0x00000020   Data   RO         1993    Region$$Table       anon$$obj.o


    Execution Region RW_IRAM1 (Exec base: 0x20000000, Load base: 0x08004e68, Size: 0x00005790, Max: 0x0001c000, ABSOLUTE)

    Exec Addr    Load Addr    Size         Type   Attr      Idx    E Section Name        Object

    0x20000000   0x08004e68   0x00000004   Data   RW         1070    .data.SystemCoreClock  system_stm32f4xx.o
    0x20000004   0x08004e6c   0x00000004   Data   RW         1758    .data.breathe_led_period  tim_irqhandler.o
    0x20000008   0x08004e70   0x00000001   Data   RW          908    .data.uwTickFreq    stm32f4xx_hal.o
    0x20000009   0x08004e71   0x00000003   PAD
    0x2000000c   0x08004e74   0x00000004   Data   RW          907    .data.uwTickPrio    stm32f4xx_hal.o
    0x20000010   0x08004e78   0x00000004   Data   RW         1674    .data.uxCriticalNesting  port.o
    0x20000014   0x08004e7c   0x00000004   PAD
    0x20000018        -       0x00000060   Zero   RW         1858    .bss                c_w.l(libspace.o)
    0x20000078        -       0x00000001   Zero   RW         1770    .bss.Beep_Trigger   exti_irqhandler.o
    0x20000079   0x08004e7c   0x00000003   PAD
    0x2000007c        -       0x00000004   Zero   RW         1605    .bss.KernelState    cmsis_os2.o
    0x20000080        -       0x00000008   Zero   RW         1744    .bss.RxData         can_irqhandler.o
    0x20000088        -       0x0000001c   Zero   RW         1743    .bss.RxHeader       can_irqhandler.o
    0x200000a4        -       0x00000008   Zero   RW         1731    .bss.Sine_Wave.tx_buffer  wave.o
    0x200000ac        -       0x00000003   Zero   RW         1783    .bss.TxData         uart_irqhandler.o
    0x200000af   0x08004e7c   0x00000001   PAD
    0x200000b0        -       0x00000018   Zero   RW         1745    .bss.TxHeader       can_irqhandler.o
    0x200000c8        -       0x00000004   Zero   RW         1746    .bss.TxMailbox      can_irqhandler.o
    0x200000cc        -       0x00000004   Zero   RW           43    .bss.WaterTaskHandle  freertos.o
    0x200000d0        -       0x00000001   Zero   RW         1699    .bss.beep_initialized  beep.o
    0x200000d1        -       0x00000001   Zero   RW         1700    .bss.beep_times     beep.o
    0x200000d2        -       0x00000001   Zero   RW         1757    .bss.breathe_is_on  tim_irqhandler.o
    0x200000d3        -       0x00000001   Zero   RW         1703    .bss.buzzer_is_on   beep.o
    0x200000d4        -       0x0000000c   Zero   RW         1701    .bss.buzzer_timer   beep.o
    0x200000e0        -       0x00000001   Zero   RW         1760    .bss.dir            tim_irqhandler.o
    0x200000e1   0x08004e7c   0x00000003   PAD
    0x200000e4        -       0x00000028   Zero   RW           58    .bss.hcan1          can.o
    0x2000010c        -       0x00000048   Zero   RW          150    .bss.htim1          stm32f4xx_hal_timebase_tim.o
    0x20000154        -       0x00000048   Zero   RW           77    .bss.htim2          tim.o
    0x2000019c        -       0x00000048   Zero   RW           78    .bss.htim3          tim.o
    0x200001e4        -       0x00000048   Zero   RW           93    .bss.huart1         usart.o
    0x2000022c        -       0x00000004   Zero   RW         1702    .bss.now_ms         beep.o
    0x20000230        -       0x000000a0   Zero   RW         1446    .bss.prvCheckForValidListAndQueue.ucStaticTimerQueueStorage  timers.o
    0x200002d0        -       0x00000050   Zero   RW         1445    .bss.prvCheckForValidListAndQueue.xStaticTimerQueue  timers.o
    0x20000320        -       0x00000004   Zero   RW         1442    .bss.prvSampleTimeNow.xLastTime  timers.o
    0x20000324        -       0x00000004   Zero   RW         1369    .bss.pxCurrentTCB   tasks.o
    0x20000328        -       0x00000004   Zero   RW         1440    .bss.pxCurrentTimerList  timers.o
    0x2000032c        -       0x00000004   Zero   RW         1377    .bss.pxDelayedTaskList  tasks.o
    0x20000330        -       0x00000004   Zero   RW         1630    .bss.pxEnd          heap_4.o
    0x20000334        -       0x00000004   Zero   RW         1378    .bss.pxOverflowDelayedTaskList  tasks.o
    0x20000338        -       0x00000004   Zero   RW         1441    .bss.pxOverflowTimerList  timers.o
    0x2000033c        -       0x00000460   Zero   RW         1380    .bss.pxReadyTasksLists  tasks.o
    0x2000079c        -       0x00000005   Zero   RW         1782    .bss.rx_buffer      uart_irqhandler.o
    0x200007a1   0x08004e7c   0x00000001   PAD
    0x200007a2        -       0x00000002   Zero   RW         1759    .bss.tim_count      tim_irqhandler.o
    0x200007a4        -       0x00003c00   Zero   RW         1637    .bss.ucHeap         heap_4.o
    0x200043a4        -       0x00000001   Zero   RW         1672    .bss.ucMaxSysCallPriority  port.o
    0x200043a5   0x08004e7c   0x00000003   PAD
    0x200043a8        -       0x00000004   Zero   RW         1673    .bss.ulMaxPRIGROUPValue  port.o
    0x200043ac        -       0x00000004   Zero   RW          909    .bss.uwTick         stm32f4xx_hal.o
    0x200043b0        -       0x00000004   Zero   RW         1373    .bss.uxCurrentNumberOfTasks  tasks.o
    0x200043b4        -       0x00000004   Zero   RW         1372    .bss.uxDeletedTasksWaitingCleanUp  tasks.o
    0x200043b8        -       0x00000004   Zero   RW         1375    .bss.uxSchedulerSuspended  tasks.o
    0x200043bc        -       0x00000004   Zero   RW         1370    .bss.uxTaskNumber   tasks.o
    0x200043c0        -       0x00000004   Zero   RW         1381    .bss.uxTopReadyPriority  tasks.o
    0x200043c4        -       0x00000200   Zero   RW         1607    .bss.vApplicationGetIdleTaskMemory.Idle_Stack  cmsis_os2.o
    0x200045c4        -       0x0000005c   Zero   RW         1606    .bss.vApplicationGetIdleTaskMemory.Idle_TCB  cmsis_os2.o
    0x20004620        -       0x00000400   Zero   RW         1609    .bss.vApplicationGetTimerTaskMemory.Timer_Stack  cmsis_os2.o
    0x20004a20        -       0x0000005c   Zero   RW         1608    .bss.vApplicationGetTimerTaskMemory.Timer_TCB  cmsis_os2.o
    0x20004a7c        -       0x00000004   Zero   RW         1794    .bss.waterTaskStackHighWaterMark  myostask.o
    0x20004a80        -       0x00000014   Zero   RW         1443    .bss.xActiveTimerList1  timers.o
    0x20004a94        -       0x00000014   Zero   RW         1444    .bss.xActiveTimerList2  timers.o
    0x20004aa8        -       0x00000001   Zero   RW         1631    .bss.xBlockAllocatedBit  heap_4.o
    0x20004aa9   0x08004e7c   0x00000003   PAD
    0x20004aac        -       0x00000014   Zero   RW         1388    .bss.xDelayedTaskList1  tasks.o
    0x20004ac0        -       0x00000014   Zero   RW         1389    .bss.xDelayedTaskList2  tasks.o
    0x20004ad4        -       0x00000004   Zero   RW         1632    .bss.xFreeBytesRemaining  heap_4.o
    0x20004ad8        -       0x00000004   Zero   RW         1383    .bss.xIdleTaskHandle  tasks.o
    0x20004adc        -       0x00000004   Zero   RW         1634    .bss.xMinimumEverFreeBytesRemaining  heap_4.o
    0x20004ae0        -       0x00000004   Zero   RW         1384    .bss.xNextTaskUnblockTime  tasks.o
    0x20004ae4        -       0x00000004   Zero   RW         1387    .bss.xNumOfOverflows  tasks.o
    0x20004ae8        -       0x00000004   Zero   RW         1635    .bss.xNumberOfSuccessfulAllocations  heap_4.o
    0x20004aec        -       0x00000004   Zero   RW         1636    .bss.xNumberOfSuccessfulFrees  heap_4.o
    0x20004af0        -       0x00000004   Zero   RW         1386    .bss.xPendedTicks   tasks.o
    0x20004af4        -       0x00000014   Zero   RW         1382    .bss.xPendingReadyList  tasks.o
    0x20004b08        -       0x00000040   Zero   RW         1202    .bss.xQueueRegistry  queue.o
    0x20004b48        -       0x00000004   Zero   RW         1374    .bss.xSchedulerRunning  tasks.o
    0x20004b4c        -       0x00000008   Zero   RW         1633    .bss.xStart         heap_4.o
    0x20004b54        -       0x00000014   Zero   RW         1379    .bss.xSuspendedTaskList  tasks.o
    0x20004b68        -       0x00000014   Zero   RW         1371    .bss.xTasksWaitingTermination  tasks.o
    0x20004b7c        -       0x00000004   Zero   RW         1376    .bss.xTickCount     tasks.o
    0x20004b80        -       0x00000004   Zero   RW         1438    .bss.xTimerQueue    timers.o
    0x20004b84        -       0x00000004   Zero   RW         1439    .bss.xTimerTaskHandle  timers.o
    0x20004b88        -       0x00000004   Zero   RW         1385    .bss.xYieldPending  tasks.o
    0x20004b8c        -       0x00000004   Zero   RW         1742    .bss.y              can_irqhandler.o
    0x20004b90        -       0x00000800   Zero   RW            2    HEAP                startup_stm32f405xx.o
    0x20005390        -       0x00000400   Zero   RW            1    STACK               startup_stm32f405xx.o


    Execution Region RW_IRAM2 (Exec base: 0x2001c000, Load base: 0x08004e80, Size: 0x00000000, Max: 0x00004000, ABSOLUTE)

    **** No section assigned to this execution region ****


==============================================================================

Image component sizes


      Code (inc. data)   RO Data    RW Data    ZI Data      Debug   Object Name

       396          0          0          0         19       2921   beep.o
       340          0          0          0         40       6342   can.o
       188          0          0          0         68       3504   can_irqhandler.o
       396          0          0          0       1724      43061   cmsis_os2.o
        22          0          0          0          1        688   exti_irqhandler.o
        36          0         46          0          4       2764   freertos.o
       172          0          0          0          0       3946   gpio.o
       662          0          0          0      15389       4944   heap_4.o
       150          0          0          0          0       2223   list.o
       314          0          0          0          0       6271   main.o
       100          0          0          0          4       1496   myostask.o
       802         16          0          4          5       3980   port.o
      1394          0          0          0         64      25134   queue.o
        64         26        392          0       3072        848   startup_stm32f405xx.o
        92          0          0          5          4       7236   stm32f4xx_hal.o
      1626          6          0          0          0      13510   stm32f4xx_hal_can.o
       150          0          0          0          0      10785   stm32f4xx_hal_cortex.o
       164          0          0          0          0       9672   stm32f4xx_hal_dma.o
       452          0          0          0          0       5171   stm32f4xx_hal_gpio.o
        70          0          0          0          0       3312   stm32f4xx_hal_msp.o
      1434          0          0          0          0       7349   stm32f4xx_hal_rcc.o
      2232          4          0          0          0      55139   stm32f4xx_hal_tim.o
       188          0          0          0          0      21486   stm32f4xx_hal_tim_ex.o
       164          0          0          0         72       7123   stm32f4xx_hal_timebase_tim.o
      1460          0          0          0          0      26121   stm32f4xx_hal_uart.o
       120          0          0          0          0       3033   stm32f4xx_it.o
        18          0         24          4          0       2570   system_stm32f4xx.o
      2868          8          0          0       1280      36996   tasks.o
       522          0          0          0        144       8424   tim.o
       192          0          0          4          4       4025   tim_irqhandler.o
        44          0          0          0          0       1227   timer.o
      1168         26          0          0        300      16730   timers.o
       238          0          0          0          8       3705   uart_irqhandler.o
       222          0          0          0         72       6768   usart.o
        44          0          0          0          8       1241   wave.o

    ----------------------------------------------------------------------
     18692         98        498         20      22300     359745   Object Totals
         0          0         32          0          0          0   (incl. Generated)
       188         12          4          3         18          0   (incl. Padding)

    ----------------------------------------------------------------------

      Code (inc. data)   RO Data    RW Data    ZI Data      Debug   Library Member Name

         8          0          0          0          0         68   __main.o
         0          0          0          0          0          0   __rtentry.o
        12          0          0          0          0          0   __rtentry2.o
         6          0          0          0          0          0   __rtentry4.o
        52          8          0          0          0          0   __scatter.o
        26          0          0          0          0          0   __scatter_copy.o
        28          0          0          0          0          0   __scatter_zi.o
        16          0          0          0          0         68   aeabi_memset4.o
        18          0          0          0          0         80   exit.o
         6          0          0          0          0        152   heapauxi.o
         0          0          0          0          0          0   indicate_semi.o
         2          0          0          0          0          0   libinit.o
         6          0          0          0          0          0   libinit2.o
         2          0          0          0          0          0   libshutdown.o
         2          0          0          0          0          0   libshutdown2.o
         8          4          0          0         96         68   libspace.o
       240          0          0          0          0        100   lludivv7m.o
        78          0          0          0          0         80   rt_memclr_w.o
       138          0          0          0          0         68   rt_memcpy_v6.o
       100          0          0          0          0         80   rt_memcpy_w.o
         2          0          0          0          0          0   rtexit.o
        10          0          0          0          0          0   rtexit2.o
        12          4          0          0          0         68   sys_exit.o
        74          0          0          0          0         80   sys_stackheap_outer.o
         2          0          0          0          0         68   use_no_semi.o
        26          0          0          0          0        116   fpinit.o

    ----------------------------------------------------------------------
       882         16          0          0         96       1096   Library Totals
         8          0          0          0          0          0   (incl. Padding)

    ----------------------------------------------------------------------

      Code (inc. data)   RO Data    RW Data    ZI Data      Debug   Library Name

       848         16          0          0         96        980   c_w.l
        26          0          0          0          0        116   fz_wm.l

    ----------------------------------------------------------------------
       882         16          0          0         96       1096   Library Totals

    ----------------------------------------------------------------------

==============================================================================


      Code (inc. data)   RO Data    RW Data    ZI Data      Debug   

     19574        114        498         20      22396     359765   Grand Totals
     19574        114        498         20      22396     359765   ELF Image Totals
     19574        114        498         20          0          0   ROM Totals

==============================================================================

    Total RO  Size (Code + RO Data)                20072 (  19.60kB)
    Total RW  Size (RW Data + ZI Data)             22416 (  21.89kB)
    Total ROM Size (Code + RO Data + RW Data)      20092 (  19.62kB)

==============================================================================

